Component: ARM Compiler 5.06 update 6 (build 750) Tool: armlink [4d35ed]

==============================================================================

Section Cross References

    startup_stm32f105xc.o(RESET) refers to startup_stm32f105xc.o(STACK) for __initial_sp
    startup_stm32f105xc.o(RESET) refers to startup_stm32f105xc.o(.text) for Reset_Handler
    startup_stm32f105xc.o(RESET) refers to stm32f1xx_it.o(i.NMI_Handler) for NMI_Handler
    startup_stm32f105xc.o(RESET) refers to stm32f1xx_it.o(i.HardFault_Handler) for HardFault_Handler
    startup_stm32f105xc.o(RESET) refers to stm32f1xx_it.o(i.MemManage_Handler) for MemManage_Handler
    startup_stm32f105xc.o(RESET) refers to stm32f1xx_it.o(i.BusFault_Handler) for BusFault_Handler
    startup_stm32f105xc.o(RESET) refers to stm32f1xx_it.o(i.UsageFault_Handler) for UsageFault_Handler
    startup_stm32f105xc.o(RESET) refers to stm32f1xx_it.o(i.SVC_Handler) for SVC_Handler
    startup_stm32f105xc.o(RESET) refers to stm32f1xx_it.o(i.DebugMon_Handler) for DebugMon_Handler
    startup_stm32f105xc.o(RESET) refers to stm32f1xx_it.o(i.PendSV_Handler) for PendSV_Handler
    startup_stm32f105xc.o(RESET) refers to stm32f1xx_it.o(i.SysTick_Handler) for SysTick_Handler
    startup_stm32f105xc.o(RESET) refers to stm32f1xx_it.o(i.EXTI0_IRQHandler) for EXTI0_IRQHandler
    startup_stm32f105xc.o(RESET) refers to stm32f1xx_it.o(i.EXTI1_IRQHandler) for EXTI1_IRQHandler
    startup_stm32f105xc.o(RESET) refers to stm32f1xx_it.o(i.EXTI2_IRQHandler) for EXTI2_IRQHandler
    startup_stm32f105xc.o(RESET) refers to stm32f1xx_it.o(i.DMA1_Channel2_IRQHandler) for DMA1_Channel2_IRQHandler
    startup_stm32f105xc.o(RESET) refers to stm32f1xx_it.o(i.DMA1_Channel3_IRQHandler) for DMA1_Channel3_IRQHandler
    startup_stm32f105xc.o(RESET) refers to stm32f1xx_it.o(i.CAN1_TX_IRQHandler) for CAN1_TX_IRQHandler
    startup_stm32f105xc.o(RESET) refers to stm32f1xx_it.o(i.CAN1_RX0_IRQHandler) for CAN1_RX0_IRQHandler
    startup_stm32f105xc.o(RESET) refers to stm32f1xx_it.o(i.TIM3_IRQHandler) for TIM3_IRQHandler
    startup_stm32f105xc.o(RESET) refers to stm32f1xx_it.o(i.TIM4_IRQHandler) for TIM4_IRQHandler
    startup_stm32f105xc.o(RESET) refers to stm32f1xx_it.o(i.USART3_IRQHandler) for USART3_IRQHandler
    startup_stm32f105xc.o(RESET) refers to stm32f1xx_it.o(i.TIM5_IRQHandler) for TIM5_IRQHandler
    startup_stm32f105xc.o(RESET) refers to stm32f1xx_it.o(i.UART4_IRQHandler) for UART4_IRQHandler
    startup_stm32f105xc.o(RESET) refers to stm32f1xx_it.o(i.DMA2_Channel3_IRQHandler) for DMA2_Channel3_IRQHandler
    startup_stm32f105xc.o(RESET) refers to stm32f1xx_it.o(i.CAN2_RX0_IRQHandler) for CAN2_RX0_IRQHandler
    startup_stm32f105xc.o(.text) refers to system_stm32f1xx.o(i.SystemInit) for SystemInit
    startup_stm32f105xc.o(.text) refers to entry.o(.ARM.Collect$$$$00000000) for __main
    main.o(i.SystemClock_Config) refers to stm32f1xx_hal_rcc.o(i.HAL_RCC_OscConfig) for HAL_RCC_OscConfig
    main.o(i.SystemClock_Config) refers to stm32f1xx_hal_rcc.o(i.HAL_RCC_ClockConfig) for HAL_RCC_ClockConfig
    main.o(i.SystemClock_Config) refers to stm32f1xx_hal_rcc.o(i.HAL_RCC_GetHCLKFreq) for HAL_RCC_GetHCLKFreq
    main.o(i.SystemClock_Config) refers to stm32f1xx_hal_cortex.o(i.HAL_SYSTICK_Config) for HAL_SYSTICK_Config
    main.o(i.SystemClock_Config) refers to stm32f1xx_hal_cortex.o(i.HAL_SYSTICK_CLKSourceConfig) for HAL_SYSTICK_CLKSourceConfig
    main.o(i.SystemClock_Config) refers to stm32f1xx_hal_cortex.o(i.HAL_NVIC_SetPriority) for HAL_NVIC_SetPriority
    main.o(i.all_bsp_init) refers to gpio.o(i.MX_GPIO_Init) for MX_GPIO_Init
    main.o(i.all_bsp_init) refers to dma.o(i.MX_DMA_Init) for MX_DMA_Init
    main.o(i.all_bsp_init) refers to tim.o(i.MX_TIM1_Init) for MX_TIM1_Init
    main.o(i.all_bsp_init) refers to robodata.o(i.InitRoboData) for InitRoboData
    main.o(i.all_bsp_init) refers to stm32f1xx_hal_tim.o(i.HAL_TIM_PWM_Start) for HAL_TIM_PWM_Start
    main.o(i.all_bsp_init) refers to usart.o(i.MX_USART3_UART_Init) for MX_USART3_UART_Init
    main.o(i.all_bsp_init) refers to usart.o(i.MX_UART4_Init) for MX_UART4_Init
    main.o(i.all_bsp_init) refers to can.o(i.MX_CAN1_Init) for MX_CAN1_Init
    main.o(i.all_bsp_init) refers to can.o(i.MX_CAN2_Init) for MX_CAN2_Init
    main.o(i.all_bsp_init) refers to can.o(i.CAN_Filter_Init_Recv_ALL) for CAN_Filter_Init_Recv_ALL
    main.o(i.all_bsp_init) refers to tripod.o(i.Tripode_Init) for Tripode_Init
    main.o(i.all_bsp_init) refers to strike.o(i.Strike_Init) for Strike_Init
    main.o(i.all_bsp_init) refers to tim.o(i.MX_TIM3_Init) for MX_TIM3_Init
    main.o(i.all_bsp_init) refers to tim.o(i.MX_TIM5_Init) for MX_TIM5_Init
    main.o(i.all_bsp_init) refers to tim.o(i.MX_TIM4_Init) for MX_TIM4_Init
    main.o(i.all_bsp_init) refers to stm32f1xx_hal_gpio.o(i.HAL_GPIO_WritePin) for HAL_GPIO_WritePin
    main.o(i.all_bsp_init) refers to robodata.o(.data) for RoboData
    main.o(i.all_bsp_init) refers to tim.o(.bss) for htim1
[...]
    i.HAL_GPIO_EXTI_Callback                 0x080028d0   Section        0  gpio_callback.o(i.HAL_GPIO_EXTI_Callback)
    i.HAL_GPIO_EXTI_IRQHandler               0x080028ec   Section        0  stm32f1xx_hal_gpio.o(i.HAL_GPIO_EXTI_IRQHandler)
    i.HAL_GPIO_Init                          0x08002904   Section        0  stm32f1xx_hal_gpio.o(i.HAL_GPIO_Init)
    i.HAL_GPIO_ReadPin                       0x08002ac0   Section        0  stm32f1xx_hal_gpio.o(i.HAL_GPIO_ReadPin)
    i.HAL_GPIO_WritePin                      0x08002aca   Section        0  stm32f1xx_hal_gpio.o(i.HAL_GPIO_WritePin)
    i.HAL_GetTick                            0x08002ad4   Section        0  stm32f1xx_hal.o(i.HAL_GetTick)
    i.HAL_IncTick                            0x08002ae0   Section        0  stm32f1xx_hal.o(i.HAL_IncTick)
    i.HAL_Init                               0x08002af0   Section        0  stm32f1xx_hal.o(i.HAL_Init)
    i.HAL_InitTick                           0x08002b14   Section        0  stm32f1xx_hal.o(i.HAL_InitTick)
    i.HAL_MspInit                            0x08002b3c   Section        0  stm32f1xx_hal_msp.o(i.HAL_MspInit)
    i.HAL_MultiProcessor_Init                0x08002bd0   Section        0  stm32f1xx_hal_uart.o(i.HAL_MultiProcessor_Init)
    i.HAL_NVIC_EnableIRQ                     0x08002c52   Section        0  stm32f1xx_hal_cortex.o(i.HAL_NVIC_EnableIRQ)
    i.HAL_NVIC_SetPriority                   0x08002c68   Section        0  stm32f1xx_hal_cortex.o(i.HAL_NVIC_SetPriority)
    i.HAL_NVIC_SetPriorityGrouping           0x08002ca8   Section        0  stm32f1xx_hal_cortex.o(i.HAL_NVIC_SetPriorityGrouping)
    i.HAL_RCC_ClockConfig                    0x08002ccc   Section        0  stm32f1xx_hal_rcc.o(i.HAL_RCC_ClockConfig)
    i.HAL_RCC_GetHCLKFreq                    0x08002e20   Section        0  stm32f1xx_hal_rcc.o(i.HAL_RCC_GetHCLKFreq)
    i.HAL_RCC_GetPCLK1Freq                   0x08002e2c   Section        0  stm32f1xx_hal_rcc.o(i.HAL_RCC_GetPCLK1Freq)
    i.HAL_RCC_GetPCLK2Freq                   0x08002e4c   Section        0  stm32f1xx_hal_rcc.o(i.HAL_RCC_GetPCLK2Freq)
    i.HAL_RCC_GetSysClockFreq                0x08002e6c   Section        0  stm32f1xx_hal_rcc.o(i.HAL_RCC_GetSysClockFreq)
    i.HAL_RCC_OscConfig                      0x08002f0c   Section        0  stm32f1xx_hal_rcc.o(i.HAL_RCC_OscConfig)
    i.HAL_SYSTICK_CLKSourceConfig            0x080032d4   Section        0  stm32f1xx_hal_cortex.o(i.HAL_SYSTICK_CLKSourceConfig)
    i.HAL_SYSTICK_Callback                   0x080032ec   Section        0  stm32f1xx_hal_cortex.o(i.HAL_SYSTICK_Callback)
    i.HAL_SYSTICK_Config                     0x080032ee   Section        0  stm32f1xx_hal_cortex.o(i.HAL_SYSTICK_Config)
    i.HAL_SYSTICK_IRQHandler                 0x08003316   Section        0  stm32f1xx_hal_cortex.o(i.HAL_SYSTICK_IRQHandler)
    i.HAL_TIMEx_BreakCallback                0x0800331e   Section        0  stm32f1xx_hal_tim_ex.o(i.HAL_TIMEx_BreakCallback)
    i.HAL_TIMEx_CommutationCallback          0x08003320   Section        0  stm32f1xx_hal_tim_ex.o(i.HAL_TIMEx_CommutationCallback)
    i.HAL_TIMEx_ConfigBreakDeadTime          0x08003322   Section        0  stm32f1xx_hal_tim_ex.o(i.HAL_TIMEx_ConfigBreakDeadTime)
    i.HAL_TIMEx_MasterConfigSynchronization  0x0800337c   Section        0  stm32f1xx_hal_tim_ex.o(i.HAL_TIMEx_MasterConfigSynchronization)
    i.HAL_TIM_Base_Init                      0x080033cc   Section        0  stm32f1xx_hal_tim.o(i.HAL_TIM_Base_Init)
    i.HAL_TIM_Base_MspInit                   0x08003404   Section        0  tim.o(i.HAL_TIM_Base_MspInit)
    i.HAL_TIM_Base_Start_IT                  0x080034a8   Section        0  stm32f1xx_hal_tim.o(i.HAL_TIM_Base_Start_IT)
    i.HAL_TIM_ConfigClockSource              0x080034c0   Section        0  stm32f1xx_hal_tim.o(i.HAL_TIM_ConfigClockSource)
    i.HAL_TIM_IC_CaptureCallback             0x080035b2   Section        0  stm32f1xx_hal_tim.o(i.HAL_TIM_IC_CaptureCallback)
    i.HAL_TIM_IRQHandler                     0x080035b4   Section        0  stm32f1xx_hal_tim.o(i.HAL_TIM_IRQHandler)
    i.HAL_TIM_MspPostInit                    0x0800371c   Section        0  tim.o(i.HAL_TIM_MspPostInit)
    i.HAL_TIM_OC_DelayElapsedCallback        0x08003744   Section        0  stm32f1xx_hal_tim.o(i.HAL_TIM_OC_DelayElapsedCallback)
    i.HAL_TIM_PWM_ConfigChannel              0x08003746   Section        0  stm32f1xx_hal_tim.o(i.HAL_TIM_PWM_ConfigChannel)
    i.HAL_TIM_PWM_Init                       0x08003816   Section        0  stm32f1xx_hal_tim.o(i.HAL_TIM_PWM_Init)
    i.HAL_TIM_PWM_MspInit                    0x0800384c   Section        0  stm32f1xx_hal_tim.o(i.HAL_TIM_PWM_MspInit)
    i.HAL_TIM_PWM_PulseFinishedCallback      0x0800384e   Section        0  stm32f1xx_hal_tim.o(i.HAL_TIM_PWM_PulseFinishedCallback)
    i.HAL_TIM_PWM_Start                      0x08003850   Section        0  stm32f1xx_hal_tim.o(i.HAL_TIM_PWM_Start)
    i.HAL_TIM_PeriodElapsedCallback          0x08003880   Section        0  tim_callback.o(i.HAL_TIM_PeriodElapsedCallback)
    i.HAL_TIM_TriggerCallback                0x08003938   Section        0  stm32f1xx_hal_tim.o(i.HAL_TIM_TriggerCallback)
    i.HAL_UART_ErrorCallback                 0x0800393a   Section        0  stm32f1xx_hal_uart.o(i.HAL_UART_ErrorCallback)
    i.HAL_UART_IRQHandler                    0x0800393c   Section        0  stm32f1xx_hal_uart.o(i.HAL_UART_IRQHandler)
    i.HAL_UART_MspInit                       0x08003a4c   Section        0  usart.o(i.HAL_UART_MspInit)
    i.HAL_UART_Receive_DMA                   0x08003ba0   Section        0  stm32f1xx_hal_uart.o(i.HAL_UART_Receive_DMA)
    i.HAL_UART_RxCpltCallback                0x08003c38   Section        0  usart_callback.o(i.HAL_UART_RxCpltCallback)
    i.HAL_UART_RxHalfCpltCallback            0x08003c84   Section        0  stm32f1xx_hal_uart.o(i.HAL_UART_RxHalfCpltCallback)
    i.HAL_UART_TxCpltCallback                0x08003c86   Section        0  stm32f1xx_hal_uart.o(i.HAL_UART_TxCpltCallback)
    i.HardFault_Handler                      0x08003c88   Section        0  stm32f1xx_it.o(i.HardFault_Handler)
    i.HeatCtrl                               0x08003c8c   Section        0  strike.o(i.HeatCtrl)
    i.InitRoboData                           0x08003e30   Section        0  robodata.o(i.InitRoboData)
    i.IsOnTarget                             0x08003ec4   Section        0  strike.o(i.IsOnTarget)
    i.MX_CAN1_Init                           0x08003f08   Section        0  can.o(i.MX_CAN1_Init)
    i.MX_CAN2_Init                           0x08003f60   Section        0  can.o(i.MX_CAN2_Init)
    i.MX_DMA_Init                            0x08003fb8   Section        0  dma.o(i.MX_DMA_Init)
    i.MX_GPIO_Init                           0x08004014   Section        0  gpio.o(i.MX_GPIO_Init)
    i.MX_TIM1_Init                           0x08004120   Section        0  tim.o(i.MX_TIM1_Init)
    i.MX_TIM3_Init                           0x08004230   Section        0  tim.o(i.MX_TIM3_Init)
    i.MX_TIM4_Init                           0x080042ac   Section        0  tim.o(i.MX_TIM4_Init)
    i.MX_TIM5_Init                           0x08004324   Section        0  tim.o(i.MX_TIM5_Init)
    i.MX_UART4_Init                          0x080043a0   Section        0  usart.o(i.MX_UART4_Init)
    i.MX_USART3_UART_Init                    0x080043f4   Section        0  usart.o(i.MX_USART3_UART_Init)
    i.MemManage_Handler                      0x08004444   Section        0  stm32f1xx_it.o(i.MemManage_Handler)
    i.MonitorParaInit                        0x08004448   Section        0  t_monitor.o(i.MonitorParaInit)
    i.NMI_Handler                            0x08004494   Section        0  stm32f1xx_it.o(i.NMI_Handler)
    i.NVIC_SetPriority                       0x08004496   Section        0  stm32f1xx_hal_cortex.o(i.NVIC_SetPriority)
    NVIC_SetPriority                         0x08004497   Thumb Code    32  stm32f1xx_hal_cortex.o(i.NVIC_SetPriority)
    i.PendSV_Handler                         0x080044b6   Section        0  stm32f1xx_it.o(i.PendSV_Handler)
    i.PidCalc                                0x080044b8   Section        0  pid.o(i.PidCalc)
    i.PidPITransfer                          0x08004774   Section        0  pid.o(i.PidPITransfer)
    i.PidSet_all                             0x0800478c   Section        0  pid.o(i.PidSet_all)
    i.Pitch_Init                             0x08004824   Section        0  tripod.o(i.Pitch_Init)
    i.Pitch_SetAngle                         0x08004908   Section        0  tripod.o(i.Pitch_SetAngle)
    i.Pitch_SetSpeed                         0x08004a4c   Section        0  tripod.o(i.Pitch_SetSpeed)
    i.RCDataParaInit                         0x08004a70   Section        0  m_remote.o(i.RCDataParaInit)
    i.RCReadKey                              0x08004a9a   Section        0  m_remote.o(i.RCReadKey)
    i.RemoteDataProcess                      0x08004afe   Section        0  m_remote.o(i.RemoteDataProcess)
    i.SVC_Handler                            0x08004bde   Section        0  stm32f1xx_it.o(i.SVC_Handler)
    i.SetMotoCurrent                         0x08004be0   Section        0  m_moto.o(i.SetMotoCurrent)
    i.SetRoboControlMode                     0x08004c2a   Section        0  robodata.o(i.SetRoboControlMode)
    i.StrikeCount                            0x08004c60   Section        0  strike.o(i.StrikeCount)
    i.Strike_Init                            0x08004cc8   Section        0  strike.o(i.Strike_Init)
    i.Strike_SetModeFromControl              0x08004d9c   Section        0  strike.o(i.Strike_SetModeFromControl)
    i.Strike_fun                             0x080051a4   Section        0  strike.o(i.Strike_fun)
    i.SysTick_Handler                        0x080051d8   Section        0  stm32f1xx_it.o(i.SysTick_Handler)
    i.SystemClock_Config                     0x080051e8   Section        0  main.o(i.SystemClock_Config)
    i.SystemInit                             0x08005258   Section        0  system_stm32f1xx.o(i.SystemInit)
    i.TIM3_IRQHandler                        0x080052ac   Section        0  stm32f1xx_it.o(i.TIM3_IRQHandler)
    i.TIM4_IRQHandler                        0x080052b8   Section        0  stm32f1xx_it.o(i.TIM4_IRQHandler)
    i.TIM5_IRQHandler                        0x080052c4   Section        0  stm32f1xx_it.o(i.TIM5_IRQHandler)
    i.TIM_Base_SetConfig                     0x080052d0   Section        0  stm32f1xx_hal_tim.o(i.TIM_Base_SetConfig)
    i.TIM_CCxChannelCmd                      0x0800534c   Section        0  stm32f1xx_hal_tim.o(i.TIM_CCxChannelCmd)
    i.TIM_ETR_SetConfig                      0x08005362   Section        0  stm32f1xx_hal_tim.o(i.TIM_ETR_SetConfig)
    TIM_ETR_SetConfig                        0x08005363   Thumb Code    20  stm32f1xx_hal_tim.o(i.TIM_ETR_SetConfig)
    i.TIM_ITRx_SetConfig                     0x08005376   Section        0  stm32f1xx_hal_tim.o(i.TIM_ITRx_SetConfig)
    TIM_ITRx_SetConfig                       0x08005377   Thumb Code    16  stm32f1xx_hal_tim.o(i.TIM_ITRx_SetConfig)
    i.TIM_OC1_SetConfig                      0x08005388   Section        0  stm32f1xx_hal_tim.o(i.TIM_OC1_SetConfig)
    TIM_OC1_SetConfig                        0x08005389   Thumb Code    74  stm32f1xx_hal_tim.o(i.TIM_OC1_SetConfig)
    i.TIM_OC2_SetConfig                      0x080053d8   Section        0  stm32f1xx_hal_tim.o(i.TIM_OC2_SetConfig)
    i.TIM_OC3_SetConfig                      0x08005430   Section        0  stm32f1xx_hal_tim.o(i.TIM_OC3_SetConfig)
    TIM_OC3_SetConfig                        0x08005431   Thumb Code    82  stm32f1xx_hal_tim.o(i.TIM_OC3_SetConfig)
    i.TIM_OC4_SetConfig                      0x08005488   Section        0  stm32f1xx_hal_tim.o(i.TIM_OC4_SetConfig)
    TIM_OC4_SetConfig                        0x08005489   Thumb Code    64  stm32f1xx_hal_tim.o(i.TIM_OC4_SetConfig)
    i.TIM_TI1_ConfigInputStage               0x080054cc   Section        0  stm32f1xx_hal_tim.o(i.TIM_TI1_ConfigInputStage)
    TIM_TI1_ConfigInputStage                 0x080054cd   Thumb Code    34  stm32f1xx_hal_tim.o(i.TIM_TI1_ConfigInputStage)
    i.TIM_TI2_ConfigInputStage               0x080054ee   Section        0  stm32f1xx_hal_tim.o(i.TIM_TI2_ConfigInputStage)
    TIM_TI2_ConfigInputStage                 0x080054ef   Thumb Code    36  stm32f1xx_hal_tim.o(i.TIM_TI2_ConfigInputStage)
    i.TX_DATA_CLOUDDECK1_ID                  0x08005514   Section        0  m_transmit.o(i.TX_DATA_CLOUDDECK1_ID)
    i.TX_DATA_CLOUDDECK2_ID                  0x080055a8   Section        0  m_transmit.o(i.TX_DATA_CLOUDDECK2_ID)
    i.ToggleMotoControl                      0x080056a0   Section        0  strike.o(i.ToggleMotoControl)
    i.Tripode_Fun                            0x08005838   Section        0  tripod.o(i.Tripode_Fun)
    i.Tripode_Init                           0x08005a70   Section        0  tripod.o(i.Tripode_Init)
    i.UART4_IRQHandler                       0x08005a98   Section        0  stm32f1xx_it.o(i.UART4_IRQHandler)
    i.UART_DMAAbortOnError                   0x08005aa4   Section        0  stm32f1xx_hal_uart.o(i.UART_DMAAbortOnError)
    UART_DMAAbortOnError                     0x08005aa5   Thumb Code    16  stm32f1xx_hal_uart.o(i.UART_DMAAbortOnError)
    i.UART_DMAError                          0x08005ab4   Section        0  stm32f1xx_hal_uart.o(i.UART_DMAError)
    UART_DMAError                            0x08005ab5   Thumb Code    74  stm32f1xx_hal_uart.o(i.UART_DMAError)
    i.UART_DMAReceiveCplt                    0x08005afe   Section        0  stm32f1xx_hal_uart.o(i.UART_DMAReceiveCplt)
    UART_DMAReceiveCplt                      0x08005aff   Thumb Code    60  stm32f1xx_hal_uart.o(i.UART_DMAReceiveCplt)
    i.UART_DMARxHalfCplt                     0x08005b3a   Section        0  stm32f1xx_hal_uart.o(i.UART_DMARxHalfCplt)
    UART_DMARxHalfCplt                       0x08005b3b   Thumb Code    10  stm32f1xx_hal_uart.o(i.UART_DMARxHalfCplt)
    i.UART_EndRxTransfer                     0x08005b44   Section        0  stm32f1xx_hal_uart.o(i.UART_EndRxTransfer)
    UART_EndRxTransfer                       0x08005b45   Thumb Code    28  stm32f1xx_hal_uart.o(i.UART_EndRxTransfer)
    i.UART_EndTxTransfer                     0x08005b60   Section        0  stm32f1xx_hal_uart.o(i.UART_EndTxTransfer)
    UART_EndTxTransfer                       0x08005b61   Thumb Code    18  stm32f1xx_hal_uart.o(i.UART_EndTxTransfer)
    i.UART_Receive_IT                        0x08005b72   Section        0  stm32f1xx_hal_uart.o(i.UART_Receive_IT)
    UART_Receive_IT                          0x08005b73   Thumb Code   150  stm32f1xx_hal_uart.o(i.UART_Receive_IT)
    i.UART_SetConfig                         0x08005c08   Section        0  stm32f1xx_hal_uart.o(i.UART_SetConfig)
    UART_SetConfig                           0x08005c09   Thumb Code   364  stm32f1xx_hal_uart.o(i.UART_SetConfig)
    i.UART_Transmit_IT                       0x08005d78   Section        0  stm32f1xx_hal_uart.o(i.UART_Transmit_IT)
    UART_Transmit_IT                         0x08005d79   Thumb Code    98  stm32f1xx_hal_uart.o(i.UART_Transmit_IT)
    i.USART3_IRQHandler                      0x08005ddc   Section        0  stm32f1xx_it.o(i.USART3_IRQHandler)
    i.UsageFault_Handler                     0x08005de8   Section        0  stm32f1xx_it.o(i.UsageFault_Handler)
    i.WindMill_ManualStrike                  0x08005dec   Section        0  strike.o(i.WindMill_ManualStrike)
    i.Yaw_Init                               0x08005ebc   Section        0  tripod.o(i.Yaw_Init)
    i.Yaw_SetAngle                           0x08005f94   Section        0  tripod.o(i.Yaw_SetAngle)
    i.Yaw_SetSpeed                           0x08006060   Section        0  tripod.o(i.Yaw_SetSpeed)
    i._Error_Handler                         0x0800608c   Section        0  main.o(i._Error_Handler)
    i.__scatterload_copy                     0x0800608e   Section       14  handlers.o(i.__scatterload_copy)
    i.__scatterload_null                     0x0800609c   Section        2  handlers.o(i.__scatterload_null)
    i.__scatterload_zeroinit                 0x0800609e   Section       14  handlers.o(i.__scatterload_zeroinit)
    i.__set_errno                            0x080060ac   Section        0  errno.o(i.__set_errno)
    i.all_bsp_init                           0x080060b8   Section        0  main.o(i.all_bsp_init)
    i.all_pid_init                           0x08006180   Section        0  main.o(i.all_pid_init)
    i.main                                   0x0800635c   Section        0  main.o(i.main)
    i.mode360                                0x0800643c   Section        0  tripod.o(i.mode360)
    i.monitor_JY901_process                  0x08006464   Section        0  t_monitor.o(i.monitor_JY901_process)
    i.monitor_can_power_process              0x08006490   Section        0  t_monitor.o(i.monitor_can_power_process)
    i.monitor_remote_process                 0x080064b8   Section        0  t_monitor.o(i.monitor_remote_process)
    i.monitor_tx2_process                    0x080064d8   Section        0  t_monitor.o(i.monitor_tx2_process)
    i.sqrt                                   0x08006504   Section        0  sqrt.o(i.sqrt)
    .constdata                               0x08006550   Section       16  system_stm32f1xx.o(.constdata)
    .constdata                               0x08006560   Section        8  system_stm32f1xx.o(.constdata)
    .data                                    0x20000000   Section        4  main.o(.data)
    transmit_count                           0x20000000   Data           4  main.o(.data)
    .data                                    0x20000004   Section        4  can.o(.data)
    HAL_RCC_CAN1_CLK_ENABLED                 0x20000004   Data           4  can.o(.data)
    .data                                    0x20000008   Section      168  robodata.o(.data)
    .data                                    0x200000b0   Section        4  tim_callback.o(.data)
    .data                                    0x200000b4   Section       44  tripod.o(.data)
    encoder_windmill_last                    0x200000b4   Data           1  tripod.o(.data)
    Pirch_middle_init_flag                   0x200000b5   Data           1  tripod.o(.data)
    angle1                                   0x200000b8   Data           4  tripod.o(.data)
    yaw_integral                             0x200000bc   Data           4  tripod.o(.data)
    Pitch_integral                           0x200000c0   Data           4  tripod.o(.data)
    delaytimer                               0x200000c4   Data           4  tripod.o(.data)
    delaytimer                               0x200000c8   Data           4  tripod.o(.data)
    startdelay                               0x200000cc   Data           4  tripod.o(.data)
    onlinecounter                            0x200000d0   Data           4  tripod.o(.data)
    startdelay                               0x200000d4   Data           4  tripod.o(.data)
    lastyaw                                  0x200000d8   Data           4  tripod.o(.data)
    lastpitch                                0x200000dc   Data           4  tripod.o(.data)
    .data                                    0x200000e0   Section       96  strike.o(.data)
    AimMode                                  0x200000e0   Data           1  strike.o(.data)
    StrikeMode                               0x200000e1   Data           1  strike.o(.data)
    FireMode                                 0x200000e2   Data           1  strike.o(.data)
    WindMillMode                             0x200000e3   Data           1  strike.o(.data)
    setlevel                                 0x200000e4   Data           1  strike.o(.data)
    ShootingRange                            0x200000e5   Data           1  strike.o(.data)
    OnTargetShootPendingFlag                 0x200000e6   Data           1  strike.o(.data)
    lastshot                                 0x200000e7   Data           1  strike.o(.data)
    nowshot                                  0x200000e8   Data           1  strike.o(.data)
    last_fire                                0x200000e9   Data           1  strike.o(.data)
    last_IsCalibrated                        0x200000ea   Data           1  strike.o(.data)
    switch_last                              0x200000ee   Data           2  strike.o(.data)
    correct_angle_clear_delay                0x200000f0   Data           2  strike.o(.data)
    divider                                  0x200000f2   Data           2  strike.o(.data)
    init_counter                             0x200000f4   Data           2  strike.o(.data)
    pointer                                  0x200000f6   Data           2  strike.o(.data)
    divider                                  0x200000f8   Data           2  strike.o(.data)
    shootnum_last                            0x200000fa   Data           2  strike.o(.data)
    pointer                                  0x200000fc   Data           2  strike.o(.data)
    divider                                  0x200000fe   Data           2  strike.o(.data)
    pointer                                  0x20000100   Data           2  strike.o(.data)
    friction_on_counter                      0x20000102   Data           2  strike.o(.data)
    speed_now                                0x20000114   Data           4  strike.o(.data)
    speed_now2                               0x20000118   Data           4  strike.o(.data)
    OnTargetShootCounter                     0x2000011c   Data           4  strike.o(.data)
    angular_velocity_counter                 0x20000120   Data           4  strike.o(.data)
    yaw_last                                 0x20000124   Data           4  strike.o(.data)
    heat_sever_last                          0x20000128   Data           4  strike.o(.data)
    counter                                  0x20000130   Data           8  strike.o(.data)
    last_fire_coordinate                     0x20000138   Data           8  strike.o(.data)
    .data                                    0x20000140   Section        4  stm32f1xx_hal.o(.data)
    .data                                    0x20000144   Section        4  system_stm32f1xx.o(.data)
    .data                                    0x20000148   Section        4  errno.o(.data)
    _errno                                   0x20000148   Data           4  errno.o(.data)
    .bss                                     0x2000014c   Section      264  can.o(.bss)
    Tx1Message                               0x2000014c   Data          28  can.o(.bss)
    Rx1Message                               0x20000168   Data          36  can.o(.bss)
    Tx2Message                               0x2000018c   Data          28  can.o(.bss)
    Rx2Message                               0x200001a8   Data          36  can.o(.bss)
    .bss                                     0x20000254   Section      256  tim.o(.bss)
    .bss                                     0x20000354   Section      332  usart.o(.bss)
    .bss                                     0x200004a0   Section       36  usart.o(.bss)
    .bss                                     0x200004c4   Section       44  usart.o(.bss)
    .bss                                     0x200004f0   Section       80  t_monitor.o(.bss)
    .bss                                     0x20000540   Section      964  tripod.o(.bss)
    key_last                                 0x20000540   Data          16  tripod.o(.bss)
    .bss                                     0x20000908   Section     1332  strike.o(.bss)
    key_last                                 0x20000908   Data          16  strike.o(.bss)
    pitch_history                            0x20000918   Data         200  strike.o(.bss)
    yaw_history                              0x200009e0   Data         200  strike.o(.bss)
    heat_history                             0x20000aa8   Data         200  strike.o(.bss)
    .bss                                     0x20000e3c   Section       16  can_callback.o(.bss)
    .bss                                     0x20000e4c   Section     1904  m_moto.o(.bss)
    .bss                                     0x200015bc   Section      952  m_moto.o(.bss)
    .bss                                     0x20001974   Section      476  m_moto.o(.bss)
    .bss                                     0x20001b50   Section      476  m_moto.o(.bss)
    .bss                                     0x20001d2c   Section      952  m_moto.o(.bss)
    .bss                                     0x200020e4   Section       56  m_remote.o(.bss)
    .bss                                     0x2000211c   Section       41  m_transmit.o(.bss)
    .bss                                     0x20002148   Section       16  tx2_protocol.o(.bss)
    STACK                                    0x20002158   Section     2048  startup_stm32f105xc.o(STACK)

    Global Symbols

    Symbol Name                              Value     Ov Type        Size  Object(Section)

    BuildAttributes$$THM_ISAv4$P$D$K$B$S$PE$A:L22UL41UL21$X:L11$S22US41US21$IEEE1$IW$USESV6$~STKCKD$USESV7$~SHL$OTIME$ROPI$IEEEX$EBA8$MICROLIB$REQ8$PRES8$EABIv2 0x00000000   Number         0  anon$$obj.o ABSOLUTE
    __ARM_use_no_argv                        0x00000000   Number         0  main.o ABSOLUTE
    __cpp_initialize__aeabi_                  - Undefined Weak Reference
    __cxa_finalize                            - Undefined Weak Reference
    _clock_init                               - Undefined Weak Reference
    _microlib_exit                            - Undefined Weak Reference
    __Vectors_Size                           0x00000150   Number         0  startup_stm32f105xc.o ABSOLUTE
    __Vectors                                0x08000000   Data           4  startup_stm32f105xc.o(RESET)
    __Vectors_End                            0x08000150   Data           0  startup_stm32f105xc.o(RESET)
    __main                                   0x08000151   Thumb Code     0  entry.o(.ARM.Collect$$$$00000000)
    _main_stk                                0x08000151   Thumb Code     0  entry2.o(.ARM.Collect$$$$00000001)
    _main_scatterload                        0x08000155   Thumb Code     0  entry5.o(.ARM.Collect$$$$00000004)
    __main_after_scatterload                 0x08000159   Thumb Code     0  entry5.o(.ARM.Collect$$$$00000004)
    _main_clock                              0x08000159   Thumb Code     0  entry7b.o(.ARM.Collect$$$$00000008)
    _main_cpp_init                           0x08000159   Thumb Code     0  entry8b.o(.ARM.Collect$$$$0000000A)
    _main_init                               0x08000159   Thumb Code     0  entry9a.o(.ARM.Collect$$$$0000000B)
    __rt_final_cpp                           0x08000161   Thumb Code     0  entry10a.o(.ARM.Collect$$$$0000000D)
    __rt_final_exit                          0x08000161   Thumb Code     0  entry11a.o(.ARM.Collect$$$$0000000F)
    Reset_Handler                            0x08000165   Thumb Code     8  startup_stm32f105xc.o(.text)
    ADC1_2_IRQHandler                        0x0800017f   Thumb Code     0  startup_stm32f105xc.o(.text)
    CAN1_RX1_IRQHandler                      0x0800017f   Thumb Code     0  startup_stm32f105xc.o(.text)
    CAN1_SCE_IRQHandler                      0x0800017f   Thumb Code     0  startup_stm32f105xc.o(.text)
    CAN2_RX1_IRQHandler                      0x0800017f   Thumb Code     0  startup_stm32f105xc.o(.text)
    CAN2_SCE_IRQHandler                      0x0800017f   Thumb Code     0  startup_stm32f105xc.o(.text)
    CAN2_TX_IRQHandler                       0x0800017f   Thumb Code     0  startup_stm32f105xc.o(.text)
    DMA1_Channel1_IRQHandler                 0x0800017f   Thumb Code     0  startup_stm32f105xc.o(.text)
    DMA1_Channel4_IRQHandler                 0x0800017f   Thumb Code     0  startup_stm32f105xc.o(.text)
    DMA1_Channel5_IRQHandler                 0x0800017f   Thumb Code     0  startup_stm32f105xc.o(.text)
    DMA1_Channel6_IRQHandler                 0x0800017f   Thumb Code     0  startup_stm32f105xc.o(.text)
    DMA1_Channel7_IRQHandler                 0x0800017f   Thumb Code     0  startup_stm32f105xc.o(.text)
    DMA2_Channel1_IRQHandler                 0x0800017f   Thumb Code     0  startup_stm32f105xc.o(.text)
    DMA2_Channel2_IRQHandler                 0x0800017f   Thumb Code     0  startup_stm32f105xc.o(.text)
    DMA2_Channel4_IRQHandler                 0x0800017f   Thumb Code     0  startup_stm32f105xc.o(.text)
    DMA2_Channel5_IRQHandler                 0x0800017f   Thumb Code     0  startup_stm32f105xc.o(.text)
    EXTI15_10_IRQHandler                     0x0800017f   Thumb Code     0  startup_stm32f105xc.o(.text)
    EXTI3_IRQHandler                         0x0800017f   Thumb Code     0  startup_stm32f105xc.o(.text)
    EXTI4_IRQHandler                         0x0800017f   Thumb Code     0  startup_stm32f105xc.o(.text)
    EXTI9_5_IRQHandler                       0x0800017f   Thumb Code     0  startup_stm32f105xc.o(.text)
    FLASH_IRQHandler                         0x0800017f   Thumb Code     0  startup_stm32f105xc.o(.text)
    I2C1_ER_IRQHandler                       0x0800017f   Thumb Code     0  startup_stm32f105xc.o(.text)
    I2C1_EV_IRQHandler                       0x0800017f   Thumb Code     0  startup_stm32f105xc.o(.text)
    I2C2_ER_IRQHandler                       0x0800017f   Thumb Code     0  startup_stm32f105xc.o(.text)
    I2C2_EV_IRQHandler                       0x0800017f   Thumb Code     0  startup_stm32f105xc.o(.text)
    OTG_FS_IRQHandler                        0x0800017f   Thumb Code     0  startup_stm32f105xc.o(.text)
    OTG_FS_WKUP_IRQHandler                   0x0800017f   Thumb Code     0  startup_stm32f105xc.o(.text)
    PVD_IRQHandler                           0x0800017f   Thumb Code     0  startup_stm32f105xc.o(.text)
    RCC_IRQHandler                           0x0800017f   Thumb Code     0  startup_stm32f105xc.o(.text)
    RTC_Alarm_IRQHandler                     0x0800017f   Thumb Code     0  startup_stm32f105xc.o(.text)
    RTC_IRQHandler                           0x0800017f   Thumb Code     0  startup_stm32f105xc.o(.text)
    SPI1_IRQHandler                          0x0800017f   Thumb Code     0  startup_stm32f105xc.o(.text)
    SPI2_IRQHandler                          0x0800017f   Thumb Code     0  startup_stm32f105xc.o(.text)
    SPI3_IRQHandler                          0x0800017f   Thumb Code     0  startup_stm32f105xc.o(.text)
    TAMPER_IRQHandler                        0x0800017f   Thumb Code     0  startup_stm32f105xc.o(.text)
    TIM1_BRK_IRQHandler                      0x0800017f   Thumb Code     0  startup_stm32f105xc.o(.text)
    TIM1_CC_IRQHandler                       0x0800017f   Thumb Code     0  startup_stm32f105xc.o(.text)
    TIM1_TRG_COM_IRQHandler                  0x0800017f   Thumb Code     0  startup_stm32f105xc.o(.text)
    TIM1_UP_IRQHandler                       0x0800017f   Thumb Code     0  startup_stm32f105xc.o(.text)
    TIM2_IRQHandler                          0x0800017f   Thumb Code     0  startup_stm32f105xc.o(.text)
    TIM6_IRQHandler                          0x0800017f   Thumb Code     0  startup_stm32f105xc.o(.text)
    TIM7_IRQHandler                          0x0800017f   Thumb Code     0  startup_stm32f105xc.o(.text)
    UART5_IRQHandler                         0x0800017f   Thumb Code     0  startup_stm32f105xc.o(.text)
    USART1_IRQHandler                        0x0800017f   Thumb Code     0  startup_stm32f105xc.o(.text)
    USART2_IRQHandler                        0x0800017f   Thumb Code     0  startup_stm32f105xc.o(.text)
    WWDG_IRQHandler                          0x0800017f   Thumb Code     0  startup_stm32f105xc.o(.text)
    __aeabi_uldivmod                         0x08000189   Thumb Code    98  uldiv.o(.text)
    __aeabi_llsr                             0x080001eb   Thumb Code    32  llushr.o(.text)
    _ll_ushift_r                             0x080001eb   Thumb Code     0  llushr.o(.text)
    __aeabi_memcpy                           0x0800020b   Thumb Code    36  memcpya.o(.text)
    __aeabi_memcpy4                          0x0800020b   Thumb Code     0  memcpya.o(.text)
    __aeabi_memcpy8                          0x0800020b   Thumb Code     0  memcpya.o(.text)
    __aeabi_fadd                             0x0800022f   Thumb Code   164  fadd.o(.text)
    __aeabi_fsub                             0x080002d3   Thumb Code     6  fadd.o(.text)
    __aeabi_frsub                            0x080002d9   Thumb Code     6  fadd.o(.text)
    __aeabi_fmul                             0x080002df   Thumb Code   100  fmul.o(.text)
    __aeabi_fdiv                             0x08000343   Thumb Code   124  fdiv.o(.text)
    __ARM_scalbnf                            0x080003bf   Thumb Code    24  fscalb.o(.text)
    scalbnf                                  0x080003bf   Thumb Code     0  fscalb.o(.text)
    __aeabi_dadd                             0x080003d7   Thumb Code   322  dadd.o(.text)
    __aeabi_dsub                             0x08000519   Thumb Code     6  dadd.o(.text)
    __aeabi_drsub                            0x0800051f   Thumb Code     6  dadd.o(.text)
    __aeabi_dmul                             0x08000525   Thumb Code   228  dmul.o(.text)
    __aeabi_ddiv                             0x08000609   Thumb Code   222  ddiv.o(.text)
    __aeabi_i2f                              0x080006e7   Thumb Code    18  fflti.o(.text)
    __aeabi_ui2f                             0x080006f9   Thumb Code    10  ffltui.o(.text)
    __aeabi_ui2d                             0x08000703   Thumb Code    26  dfltui.o(.text)
    __aeabi_f2iz                             0x0800071d   Thumb Code    50  ffixi.o(.text)
    __aeabi_f2d                              0x0800074f   Thumb Code    38  f2d.o(.text)
    __aeabi_d2f                              0x08000775   Thumb Code    56  d2f.o(.text)
    __aeabi_cfcmpeq                          0x080007ad   Thumb Code     0  cfcmple.o(.text)
    __aeabi_cfcmple                          0x080007ad   Thumb Code    20  cfcmple.o(.text)
    __aeabi_cfrcmple                         0x080007c1   Thumb Code    20  cfrcmple.o(.text)
    __aeabi_llsl                             0x080007d5   Thumb Code    30  llshl.o(.text)
    _ll_shift_l                              0x080007d5   Thumb Code     0  llshl.o(.text)
    __aeabi_lasr                             0x080007f3   Thumb Code    36  llsshr.o(.text)
    _ll_sshift_r                             0x080007f3   Thumb Code     0  llsshr.o(.text)
    __I$use$fp                               0x08000817   Thumb Code     0  iusefp.o(.text)
    _float_round                             0x08000817   Thumb Code    18  fepilogue.o(.text)
    _float_epilogue                          0x08000829   Thumb Code    92  fepilogue.o(.text)
    _double_round                            0x08000885   Thumb Code    30  depilogue.o(.text)
    _double_epilogue                         0x080008a3   Thumb Code   156  depilogue.o(.text)
    _dsqrt                                   0x0800093f   Thumb Code   162  dsqrt.o(.text)
    __scatterload                            0x080009e1   Thumb Code    28  init.o(.text)
    __scatterload_rt2                        0x080009e1   Thumb Code     0  init.o(.text)
    __decompress                             0x08000a05   Thumb Code     0  __dczerorl.o(.text)
    __decompress0                            0x08000a05   Thumb Code    58  __dczerorl.o(.text)
    ABSLimit                                 0x08000a61   Thumb Code    34  pid.o(i.ABSLimit)
    AngleQueue                               0x08000a85   Thumb Code   118  strike.o(i.AngleQueue)
    AngularVelocityQueue                     0x08000b05   Thumb Code   124  strike.o(i.AngularVelocityQueue)
    AutoStrike                               0x08000b89   Thumb Code   836  strike.o(i.AutoStrike)
    BusFault_Handler                         0x08000f21   Thumb Code     2  stm32f1xx_it.o(i.BusFault_Handler)
    CAN1_RX0_IRQHandler                      0x08000f25   Thumb Code     6  stm32f1xx_it.o(i.CAN1_RX0_IRQHandler)
    CAN1_TX_IRQHandler                       0x08000f31   Thumb Code     6  stm32f1xx_it.o(i.CAN1_TX_IRQHandler)
    CAN2_RX0_IRQHandler                      0x08000f3d   Thumb Code     6  stm32f1xx_it.o(i.CAN2_RX0_IRQHandler)
    CAN_Filter_Init_Recv_ALL                 0x08000f49   Thumb Code    76  can.o(i.CAN_Filter_Init_Recv_ALL)
    CoverControl                             0x080010c1   Thumb Code    24  strike.o(i.CoverControl)
    DMA1_Channel2_IRQHandler                 0x080010e1   Thumb Code     6  stm32f1xx_it.o(i.DMA1_Channel2_IRQHandler)
    DMA1_Channel3_IRQHandler                 0x080010ed   Thumb Code     6  stm32f1xx_it.o(i.DMA1_Channel3_IRQHandler)
    DMA2_Channel3_IRQHandler                 0x080010f9   Thumb Code     6  stm32f1xx_it.o(i.DMA2_Channel3_IRQHandler)
    DebugMon_Handler                         0x0800112f   Thumb Code     2  stm32f1xx_it.o(i.DebugMon_Handler)
    EXTI0_IRQHandler                         0x08001131   Thumb Code     6  stm32f1xx_it.o(i.EXTI0_IRQHandler)
    EXTI1_IRQHandler                         0x08001137   Thumb Code     6  stm32f1xx_it.o(i.EXTI1_IRQHandler)
    EXTI2_IRQHandler                         0x0800113d   Thumb Code     6  stm32f1xx_it.o(i.EXTI2_IRQHandler)
    FrictionMotoCtrl                         0x08001145   Thumb Code    90  strike.o(i.FrictionMotoCtrl)
    FrictionMotorServo                       0x080011a9   Thumb Code   134  strike.o(i.FrictionMotorServo)
    GenerallySetChassisSpeed                 0x0800123d   Thumb Code   134  robodata.o(i.GenerallySetChassisSpeed)
    GenerallySetTripodControl                0x080012cd   Thumb Code   116  robodata.o(i.GenerallySetTripodControl)
    Get17HeatControlData                     0x08001351   Thumb Code    72  robodata.o(i.Get17HeatControlData)
    Get42HeatControlData                     0x0800139d   Thumb Code   108  robodata.o(i.Get42HeatControlData)
    GetAmmunition42ControlStatus             0x0800140d   Thumb Code   224  robodata.o(i.GetAmmunition42ControlStatus)
    GetAverage                               0x080014f5   Thumb Code    54  strike.o(i.GetAverage)
    GetBToADataVal                           0x0800152b   Thumb Code    84  m_transmit.o(i.GetBToADataVal)
    GetChassisControlStatus                  0x08001581   Thumb Code    60  robodata.o(i.GetChassisControlStatus)
    GetDJIControlData                        0x080015c5   Thumb Code     2  robodata.o(i.GetDJIControlData)
    GetEncoderMeasure                        0x080015c7   Thumb Code   198  moto_encoder.o(i.GetEncoderMeasure)
    GetIntergralPitch                        0x0800168d   Thumb Code    36  tripod.o(i.GetIntergralPitch)
    GetIntergralYaw                          0x080016b5   Thumb Code    36  tripod.o(i.GetIntergralYaw)
    GetPitchAngle1000Hz                      0x080016dd   Thumb Code   210  tripod.o(i.GetPitchAngle1000Hz)
    GetRemoteControlData                     0x080017c5   Thumb Code   104  robodata.o(i.GetRemoteControlData)
    GetVariance                              0x08001831   Thumb Code   104  strike.o(i.GetVariance)
    GetYawAngle1000Hz                        0x08001899   Thumb Code   276  tripod.o(i.GetYawAngle1000Hz)
    GyroMonitor                              0x080019c9   Thumb Code    90  tripod.o(i.GyroMonitor)
    HAL_CAN_ConfigFilter                     0x08001a2d   Thumb Code   242  stm32f1xx_hal_can.o(i.HAL_CAN_ConfigFilter)
    HAL_CAN_ErrorCallback                    0x08001b1f   Thumb Code     2  stm32f1xx_hal_can.o(i.HAL_CAN_ErrorCallback)
    HAL_CAN_IRQHandler                       0x08001b21   Thumb Code   548  stm32f1xx_hal_can.o(i.HAL_CAN_IRQHandler)
    HAL_CAN_Init                             0x08001d55   Thumb Code   300  stm32f1xx_hal_can.o(i.HAL_CAN_Init)
    HAL_CAN_MspInit                          0x08001e81   Thumb Code   286  can.o(i.HAL_CAN_MspInit)
    HAL_CAN_Receive_IT                       0x08001fb9   Thumb Code   180  stm32f1xx_hal_can.o(i.HAL_CAN_Receive_IT)
    HAL_CAN_RxCpltCallback                   0x0800206d   Thumb Code   476  can_callback.o(i.HAL_CAN_RxCpltCallback)
    HAL_CAN_Transmit                         0x08002295   Thumb Code   446  stm32f1xx_hal_can.o(i.HAL_CAN_Transmit)
    HAL_CAN_TxCpltCallback                   0x08002461   Thumb Code     2  stm32f1xx_hal_can.o(i.HAL_CAN_TxCpltCallback)
    HAL_DMA_Abort_IT                         0x08002465   Thumb Code   296  stm32f1xx_hal_dma.o(i.HAL_DMA_Abort_IT)
    HAL_DMA_IRQHandler                       0x08002595   Thumb Code   552  stm32f1xx_hal_dma.o(i.HAL_DMA_IRQHandler)
    HAL_DMA_Init                             0x080027dd   Thumb Code   120  stm32f1xx_hal_dma.o(i.HAL_DMA_Init)
    HAL_DMA_Start_IT                         0x08002861   Thumb Code   112  stm32f1xx_hal_dma.o(i.HAL_DMA_Start_IT)
    HAL_GPIO_EXTI_Callback                   0x080028d1   Thumb Code    22  gpio_callback.o(i.HAL_GPIO_EXTI_Callback)
    HAL_GPIO_EXTI_IRQHandler                 0x080028ed   Thumb Code    18  stm32f1xx_hal_gpio.o(i.HAL_GPIO_EXTI_IRQHandler)
    HAL_GPIO_Init                            0x08002905   Thumb Code   408  stm32f1xx_hal_gpio.o(i.HAL_GPIO_Init)
    HAL_GPIO_ReadPin                         0x08002ac1   Thumb Code    10  stm32f1xx_hal_gpio.o(i.HAL_GPIO_ReadPin)
    HAL_GPIO_WritePin                        0x08002acb   Thumb Code    10  stm32f1xx_hal_gpio.o(i.HAL_GPIO_WritePin)
    HAL_GetTick                              0x08002ad5   Thumb Code     6  stm32f1xx_hal.o(i.HAL_GetTick)
    HAL_IncTick                              0x08002ae1   Thumb Code    10  stm32f1xx_hal.o(i.HAL_IncTick)
    HAL_Init                                 0x08002af1   Thumb Code    32  stm32f1xx_hal.o(i.HAL_Init)
    HAL_InitTick                             0x08002b15   Thumb Code    34  stm32f1xx_hal.o(i.HAL_InitTick)
    HAL_MspInit                              0x08002b3d   Thumb Code   138  stm32f1xx_hal_msp.o(i.HAL_MspInit)
    HAL_MultiProcessor_Init                  0x08002bd1   Thumb Code   130  stm32f1xx_hal_uart.o(i.HAL_MultiProcessor_Init)
    HAL_NVIC_EnableIRQ                       0x08002c53   Thumb Code    22  stm32f1xx_hal_cortex.o(i.HAL_NVIC_EnableIRQ)
    HAL_NVIC_SetPriority                     0x08002c69   Thumb Code    60  stm32f1xx_hal_cortex.o(i.HAL_NVIC_SetPriority)
    HAL_NVIC_SetPriorityGrouping             0x08002ca9   Thumb Code    26  stm32f1xx_hal_cortex.o(i.HAL_NVIC_SetPriorityGrouping)
    HAL_RCC_ClockConfig                      0x08002ccd   Thumb Code   322  stm32f1xx_hal_rcc.o(i.HAL_RCC_ClockConfig)
    HAL_RCC_GetHCLKFreq                      0x08002e21   Thumb Code     6  stm32f1xx_hal_rcc.o(i.HAL_RCC_GetHCLKFreq)
    HAL_RCC_GetPCLK1Freq                     0x08002e2d   Thumb Code    20  stm32f1xx_hal_rcc.o(i.HAL_RCC_GetPCLK1Freq)
    HAL_RCC_GetPCLK2Freq                     0x08002e4d   Thumb Code    20  stm32f1xx_hal_rcc.o(i.HAL_RCC_GetPCLK2Freq)
    HAL_RCC_GetSysClockFreq                  0x08002e6d   Thumb Code   116  stm32f1xx_hal_rcc.o(i.HAL_RCC_GetSysClockFreq)
    HAL_RCC_OscConfig                        0x08002f0d   Thumb Code   946  stm32f1xx_hal_rcc.o(i.HAL_RCC_OscConfig)
    HAL_SYSTICK_CLKSourceConfig              0x080032d5   Thumb Code    24  stm32f1xx_hal_cortex.o(i.HAL_SYSTICK_CLKSourceConfig)
    HAL_SYSTICK_Callback                     0x080032ed   Thumb Code     2  stm32f1xx_hal_cortex.o(i.HAL_SYSTICK_Callback)
    HAL_SYSTICK_Config                       0x080032ef   Thumb Code    40  stm32f1xx_hal_cortex.o(i.HAL_SYSTICK_Config)
    HAL_SYSTICK_IRQHandler                   0x08003317   Thumb Code     8  stm32f1xx_hal_cortex.o(i.HAL_SYSTICK_IRQHandler)
    HAL_TIMEx_BreakCallback                  0x0800331f   Thumb Code     2  stm32f1xx_hal_tim_ex.o(i.HAL_TIMEx_BreakCallback)
    HAL_TIMEx_CommutationCallback            0x08003321   Thumb Code     2  stm32f1xx_hal_tim_ex.o(i.HAL_TIMEx_CommutationCallback)
    HAL_TIMEx_ConfigBreakDeadTime            0x08003323   Thumb Code    90  stm32f1xx_hal_tim_ex.o(i.HAL_TIMEx_ConfigBreakDeadTime)
    HAL_TIMEx_MasterConfigSynchronization    0x0800337d   Thumb Code    80  stm32f1xx_hal_tim_ex.o(i.HAL_TIMEx_MasterConfigSynchronization)
    HAL_TIM_Base_Init                        0x080033cd   Thumb Code    54  stm32f1xx_hal_tim.o(i.HAL_TIM_Base_Init)
    HAL_TIM_Base_MspInit                     0x08003405   Thumb Code   144  tim.o(i.HAL_TIM_Base_MspInit)
    HAL_TIM_Base_Start_IT                    0x080034a9   Thumb Code    24  stm32f1xx_hal_tim.o(i.HAL_TIM_Base_Start_IT)
    HAL_TIM_ConfigClockSource                0x080034c1   Thumb Code   242  stm32f1xx_hal_tim.o(i.HAL_TIM_ConfigClockSource)
    HAL_TIM_IC_CaptureCallback               0x080035b3   Thumb Code     2  stm32f1xx_hal_tim.o(i.HAL_TIM_IC_CaptureCallback)
    HAL_TIM_IRQHandler                       0x080035b5   Thumb Code   358  stm32f1xx_hal_tim.o(i.HAL_TIM_IRQHandler)
    HAL_TIM_MspPostInit                      0x0800371d   Thumb Code    32  tim.o(i.HAL_TIM_MspPostInit)
    HAL_TIM_OC_DelayElapsedCallback          0x08003745   Thumb Code     2  stm32f1xx_hal_tim.o(i.HAL_TIM_OC_DelayElapsedCallback)
    HAL_TIM_PWM_ConfigChannel                0x08003747   Thumb Code   208  stm32f1xx_hal_tim.o(i.HAL_TIM_PWM_ConfigChannel)
    HAL_TIM_PWM_Init                         0x08003817   Thumb Code    54  stm32f1xx_hal_tim.o(i.HAL_TIM_PWM_Init)
    HAL_TIM_PWM_MspInit                      0x0800384d   Thumb Code     2  stm32f1xx_hal_tim.o(i.HAL_TIM_PWM_MspInit)
    HAL_TIM_PWM_PulseFinishedCallback        0x0800384f   Thumb Code     2  stm32f1xx_hal_tim.o(i.HAL_TIM_PWM_PulseFinishedCallback)
    HAL_TIM_PWM_Start                        0x08003851   Thumb Code    42  stm32f1xx_hal_tim.o(i.HAL_TIM_PWM_Start)
    HAL_TIM_PeriodElapsedCallback            0x08003881   Thumb Code   148  tim_callback.o(i.HAL_TIM_PeriodElapsedCallback)
    HAL_TIM_TriggerCallback                  0x08003939   Thumb Code     2  stm32f1xx_hal_tim.o(i.HAL_TIM_TriggerCallback)
    HAL_UART_ErrorCallback                   0x0800393b   Thumb Code     2  stm32f1xx_hal_uart.o(i.HAL_UART_ErrorCallback)
    HAL_UART_IRQHandler                      0x0800393d   Thumb Code   266  stm32f1xx_hal_uart.o(i.HAL_UART_IRQHandler)
    HAL_UART_MspInit                         0x08003a4d   Thumb Code   290  usart.o(i.HAL_UART_MspInit)
    HAL_UART_Receive_DMA                     0x08003ba1   Thumb Code   138  stm32f1xx_hal_uart.o(i.HAL_UART_Receive_DMA)
    HAL_UART_RxCpltCallback                  0x08003c39   Thumb Code    52  usart_callback.o(i.HAL_UART_RxCpltCallback)
    HAL_UART_RxHalfCpltCallback              0x08003c85   Thumb Code     2  stm32f1xx_hal_uart.o(i.HAL_UART_RxHalfCpltCallback)
    HAL_UART_TxCpltCallback                  0x08003c87   Thumb Code     2  stm32f1xx_hal_uart.o(i.HAL_UART_TxCpltCallback)
    HardFault_Handler                        0x08003c89   Thumb Code     2  stm32f1xx_it.o(i.HardFault_Handler)
    HeatCtrl                                 0x08003c8d   Thumb Code   390  strike.o(i.HeatCtrl)
    InitRoboData                             0x08003e31   Thumb Code   100  robodata.o(i.InitRoboData)
    IsOnTarget                               0x08003ec5   Thumb Code    62  strike.o(i.IsOnTarget)
    MX_CAN1_Init                             0x08003f09   Thumb Code    62  can.o(i.MX_CAN1_Init)
    MX_CAN2_Init                             0x08003f61   Thumb Code    62  can.o(i.MX_CAN2_Init)
    MX_DMA_Init                              0x08003fb9   Thumb Code    88  dma.o(i.MX_DMA_Init)
    MX_GPIO_Init                             0x08004015   Thumb Code   242  gpio.o(i.MX_GPIO_Init)
    MX_TIM1_Init                             0x08004121   Thumb Code   248  tim.o(i.MX_TIM1_Init)
    MX_TIM3_Init                             0x08004231   Thumb Code    98  tim.o(i.MX_TIM3_Init)
    MX_TIM4_Init                             0x080042ad   Thumb Code    96  tim.o(i.MX_TIM4_Init)
    MX_TIM5_Init                             0x08004325   Thumb Code    98  tim.o(i.MX_TIM5_Init)
    MX_UART4_Init                            0x080043a1   Thumb Code    56  usart.o(i.MX_UART4_Init)
    MX_USART3_UART_Init                      0x080043f5   Thumb Code    54  usart.o(i.MX_USART3_UART_Init)
    MemManage_Handler                        0x08004445   Thumb Code     2  stm32f1xx_it.o(i.MemManage_Handler)
    MonitorParaInit                          0x08004449   Thumb Code    54  t_monitor.o(i.MonitorParaInit)
    NMI_Handler                              0x08004495   Thumb Code     2  stm32f1xx_it.o(i.NMI_Handler)
    PendSV_Handler                           0x080044b7   Thumb Code     2  stm32f1xx_it.o(i.PendSV_Handler)
    PidCalc                                  0x080044b9   Thumb Code   688  pid.o(i.PidCalc)
    PidPITransfer                            0x08004775   Thumb Code    24  pid.o(i.PidPITransfer)
    PidSet_all                               0x0800478d   Thumb Code   150  pid.o(i.PidSet_all)
    Pitch_Init                               0x08004825   Thumb Code   160  tripod.o(i.Pitch_Init)
    Pitch_SetAngle                           0x08004909   Thumb Code   306  tripod.o(i.Pitch_SetAngle)
    Pitch_SetSpeed                           0x08004a4d   Thumb Code    30  tripod.o(i.Pitch_SetSpeed)
    RCDataParaInit                           0x08004a71   Thumb Code    42  m_remote.o(i.RCDataParaInit)
    RCReadKey                                0x08004a9b   Thumb Code   100  m_remote.o(i.RCReadKey)
    RemoteDataProcess                        0x08004aff   Thumb Code   224  m_remote.o(i.RemoteDataProcess)
    SVC_Handler                              0x08004bdf   Thumb Code     2  stm32f1xx_it.o(i.SVC_Handler)
    SetMotoCurrent                           0x08004be1   Thumb Code    74  m_moto.o(i.SetMotoCurrent)
    SetRoboControlMode                       0x08004c2b   Thumb Code    52  robodata.o(i.SetRoboControlMode)
    StrikeCount                              0x08004c61   Thumb Code    98  strike.o(i.StrikeCount)
    Strike_Init                              0x08004cc9   Thumb Code   152  strike.o(i.Strike_Init)
    Strike_SetModeFromControl                0x08004d9d   Thumb Code  1030  strike.o(i.Strike_SetModeFromControl)
    Strike_fun                               0x080051a5   Thumb Code    46  strike.o(i.Strike_fun)
    SysTick_Handler                          0x080051d9   Thumb Code    14  stm32f1xx_it.o(i.SysTick_Handler)
    SystemClock_Config                       0x080051e9   Thumb Code   106  main.o(i.SystemClock_Config)
    SystemInit                               0x08005259   Thumb Code    68  system_stm32f1xx.o(i.SystemInit)
    TIM3_IRQHandler                          0x080052ad   Thumb Code     6  stm32f1xx_it.o(i.TIM3_IRQHandler)
    TIM4_IRQHandler                          0x080052b9   Thumb Code     6  stm32f1xx_it.o(i.TIM4_IRQHandler)
    TIM5_IRQHandler                          0x080052c5   Thumb Code     6  stm32f1xx_it.o(i.TIM5_IRQHandler)
    TIM_Base_SetConfig                       0x080052d1   Thumb Code   106  stm32f1xx_hal_tim.o(i.TIM_Base_SetConfig)
    TIM_CCxChannelCmd                        0x0800534d   Thumb Code    22  stm32f1xx_hal_tim.o(i.TIM_CCxChannelCmd)
    TIM_OC2_SetConfig                        0x080053d9   Thumb Code    84  stm32f1xx_hal_tim.o(i.TIM_OC2_SetConfig)
    TX_DATA_CLOUDDECK1_ID                    0x08005515   Thumb Code   134  m_transmit.o(i.TX_DATA_CLOUDDECK1_ID)
    TX_DATA_CLOUDDECK2_ID                    0x080055a9   Thumb Code   230  m_transmit.o(i.TX_DATA_CLOUDDECK2_ID)
    ToggleMotoControl                        0x080056a1   Thumb Code   358  strike.o(i.ToggleMotoControl)
    Tripode_Fun                              0x08005839   Thumb Code   522  tripod.o(i.Tripode_Fun)
    Tripode_Init                             0x08005a71   Thumb Code    36  tripod.o(i.Tripode_Init)
    UART4_IRQHandler                         0x08005a99   Thumb Code     6  stm32f1xx_it.o(i.UART4_IRQHandler)
    USART3_IRQHandler                        0x08005ddd   Thumb Code     6  stm32f1xx_it.o(i.USART3_IRQHandler)
    UsageFault_Handler                       0x08005de9   Thumb Code     2  stm32f1xx_it.o(i.UsageFault_Handler)
    WindMill_ManualStrike                    0x08005ded   Thumb Code   196  strike.o(i.WindMill_ManualStrike)
    Yaw_Init                                 0x08005ebd   Thumb Code   154  tripod.o(i.Yaw_Init)
    Yaw_SetAngle                             0x08005f95   Thumb Code   190  tripod.o(i.Yaw_SetAngle)
    Yaw_SetSpeed                             0x08006061   Thumb Code    34  tripod.o(i.Yaw_SetSpeed)
    _Error_Handler                           0x0800608d   Thumb Code     2  main.o(i._Error_Handler)
    __scatterload_copy                       0x0800608f   Thumb Code    14  handlers.o(i.__scatterload_copy)
    __scatterload_null                       0x0800609d   Thumb Code     2  handlers.o(i.__scatterload_null)
    __scatterload_zeroinit                   0x0800609f   Thumb Code    14  handlers.o(i.__scatterload_zeroinit)
    __set_errno                              0x080060ad   Thumb Code     6  errno.o(i.__set_errno)
    all_bsp_init                             0x080060b9   Thumb Code   172  main.o(i.all_bsp_init)
    all_pid_init                             0x08006181   Thumb Code   378  main.o(i.all_pid_init)
    main                                     0x0800635d   Thumb Code   180  main.o(i.main)
    mode360                                  0x0800643d   Thumb Code    32  tripod.o(i.mode360)
    monitor_JY901_process                    0x08006465   Thumb Code    34  t_monitor.o(i.monitor_JY901_process)
    monitor_can_power_process                0x08006491   Thumb Code    34  t_monitor.o(i.monitor_can_power_process)
    monitor_remote_process                   0x080064b9   Thumb Code    26  t_monitor.o(i.monitor_remote_process)
    monitor_tx2_process                      0x080064d9   Thumb Code    34  t_monitor.o(i.monitor_tx2_process)
    sqrt                                     0x08006505   Thumb Code    76  sqrt.o(i.sqrt)
    AHBPrescTable                            0x08006550   Data          16  system_stm32f1xx.o(.constdata)
    APBPrescTable                            0x08006560   Data           8  system_stm32f1xx.o(.constdata)
    Region$$Table$$Base                      0x08006568   Number         0  anon$$obj.o(Region$$Table)
    Region$$Table$$Limit                     0x08006588   Number         0  anon$$obj.o(Region$$Table)
    RoboData                                 0x20000008   Data         168  robodata.o(.data)
    time_piece                               0x200000b0   Data           4  tim_callback.o(.data)
    Angular_length                           0x200000ec   Data           2  strike.o(.data)
    down1                                    0x20000104   Data           4  strike.o(.data)
    down2                                    0x20000108   Data           4  strike.o(.data)
    left1                                    0x2000010c   Data           4  strike.o(.data)
    left2                                    0x20000110   Data           4  strike.o(.data)
    uwTick                                   0x20000140   Data           4  stm32f1xx_hal.o(.data)
    SystemCoreClock                          0x20000144   Data           4  system_stm32f1xx.o(.data)
    hcan1                                    0x200001cc   Data          68  can.o(.bss)
    hcan2                                    0x20000210   Data          68  can.o(.bss)
    htim1                                    0x20000254   Data          64  tim.o(.bss)
    htim3                                    0x20000294   Data          64  tim.o(.bss)
    htim5                                    0x200002d4   Data          64  tim.o(.bss)
    htim4                                    0x20000314   Data          64  tim.o(.bss)
    huart4                                   0x20000354   Data          64  usart.o(.bss)
    huart3                                   0x20000394   Data          64  usart.o(.bss)
    hdma_uart4_rx                            0x200003d4   Data          68  usart.o(.bss)
    hdma_usart3_rx                           0x20000418   Data          68  usart.o(.bss)
    hdma_usart3_tx                           0x2000045c   Data          68  usart.o(.bss)
    uart4_rx_buff                            0x200004a0   Data          36  usart.o(.bss)
    uart3_rx_buff                            0x200004c4   Data          44  usart.o(.bss)
    monitor_remote                           0x200004f0   Data          20  t_monitor.o(.bss)
    monitor_tx2                              0x20000504   Data          20  t_monitor.o(.bss)
    monitor_can_power                        0x20000518   Data          20  t_monitor.o(.bss)
    monitor_JY901                            0x2000052c   Data          20  t_monitor.o(.bss)
    Tripod                                   0x20000550   Data         948  tripod.o(.bss)
    Strike                                   0x20000b70   Data         512  strike.o(.bss)
    angular_velocity_history                 0x20000d70   Data         204  strike.o(.bss)
    gyro                                     0x20000e3c   Data          16  can_callback.o(.bss)
    Chassis_MOTO                             0x20000e4c   Data        1904  m_moto.o(.bss)
    TG_MOTO                                  0x200015bc   Data         952  m_moto.o(.bss)
    Yaw_MOTO6020                             0x20001974   Data         476  m_moto.o(.bss)
    Pitch_MOTO6020                           0x20001b50   Data         476  m_moto.o(.bss)
    Fricition_MOTO                           0x20001d2c   Data         952  m_moto.o(.bss)
    RC_CtrlData                              0x200020e4   Data          56  m_remote.o(.bss)
    BToATest                                 0x2000211c   Data          32  m_transmit.o(.bss)
    BtoADataBit                              0x2000213c   Data           9  m_transmit.o(.bss)
    TX2_Data                                 0x20002148   Data          16  tx2_protocol.o(.bss)
    __initial_sp                             0x20002958   Data           0  startup_stm32f105xc.o(STACK)



==============================================================================

Memory Map of the image

  Image Entry point : 0x08000151

  Load Region LR_IROM1 (Base: 0x08000000, Size: 0x000066d4, Max: 0x00010000, ABSOLUTE, COMPRESSED[0x000065a4])

    Execution Region ER_IROM1 (Exec base: 0x08000000, Load base: 0x08000000, Size: 0x00006588, Max: 0x00010000, ABSOLUTE)

    Exec Addr    Load Addr    Size         Type   Attr      Idx    E Section Name        Object

    0x08000000   0x08000000   0x00000150   Data   RO            3    RESET               startup_stm32f105xc.o
    0x08000150   0x08000150   0x00000000   Code   RO         3903  * .ARM.Collect$$$$00000000  mc_w.l(entry.o)
    0x08000150   0x08000150   0x00000004   Code   RO         3972    .ARM.Collect$$$$00000001  mc_w.l(entry2.o)
    0x08000154   0x08000154   0x00000004   Code   RO         3975    .ARM.Collect$$$$00000004  mc_w.l(entry5.o)
    0x08000158   0x08000158   0x00000000   Code   RO         3977    .ARM.Collect$$$$00000008  mc_w.l(entry7b.o)
    0x08000158   0x08000158   0x00000000   Code   RO         3979    .ARM.Collect$$$$0000000A  mc_w.l(entry8b.o)
    0x08000158   0x08000158   0x00000008   Code   RO         3980    .ARM.Collect$$$$0000000B  mc_w.l(entry9a.o)
    0x08000160   0x08000160   0x00000000   Code   RO         3982    .ARM.Collect$$$$0000000D  mc_w.l(entry10a.o)
    0x08000160   0x08000160   0x00000000   Code   RO         3984    .ARM.Collect$$$$0000000F  mc_w.l(entry11a.o)
    0x08000160   0x08000160   0x00000004   Code   RO         3973    .ARM.Collect$$$$00002712  mc_w.l(entry2.o)
    0x08000164   0x08000164   0x00000024   Code   RO            4    .text               startup_stm32f105xc.o
    0x08000188   0x08000188   0x00000062   Code   RO         3906    .text               mc_w.l(uldiv.o)
    0x080001ea   0x080001ea   0x00000020   Code   RO         3908    .text               mc_w.l(llushr.o)
    0x0800020a   0x0800020a   0x00000024   Code   RO         3910    .text               mc_w.l(memcpya.o)
    0x0800022e   0x0800022e   0x000000b0   Code   RO         3914    .text               mf_w.l(fadd.o)
    0x080002de   0x080002de   0x00000064   Code   RO         3916    .text               mf_w.l(fmul.o)
    0x08000342   0x08000342   0x0000007c   Code   RO         3918    .text               mf_w.l(fdiv.o)
    0x080003be   0x080003be   0x00000018   Code   RO         3920    .text               mf_w.l(fscalb.o)
    0x080003d6   0x080003d6   0x0000014e   Code   RO         3922    .text               mf_w.l(dadd.o)
    0x08000524   0x08000524   0x000000e4   Code   RO         3924    .text               mf_w.l(dmul.o)
    0x08000608   0x08000608   0x000000de   Code   RO         3926    .text               mf_w.l(ddiv.o)
    0x080006e6   0x080006e6   0x00000012   Code   RO         3928    .text               mf_w.l(fflti.o)
    0x080006f8   0x080006f8   0x0000000a   Code   RO         3930    .text               mf_w.l(ffltui.o)
    0x08000702   0x08000702   0x0000001a   Code   RO         3932    .text               mf_w.l(dfltui.o)
    0x0800071c   0x0800071c   0x00000032   Code   RO         3934    .text               mf_w.l(ffixi.o)
    0x0800074e   0x0800074e   0x00000026   Code   RO         3936    .text               mf_w.l(f2d.o)
    0x08000774   0x08000774   0x00000038   Code   RO         3938    .text               mf_w.l(d2f.o)
    0x080007ac   0x080007ac   0x00000014   Code   RO         3940    .text               mf_w.l(cfcmple.o)
    0x080007c0   0x080007c0   0x00000014   Code   RO         3942    .text               mf_w.l(cfrcmple.o)
    0x080007d4   0x080007d4   0x0000001e   Code   RO         3986    .text               mc_w.l(llshl.o)
    0x080007f2   0x080007f2   0x00000024   Code   RO         3988    .text               mc_w.l(llsshr.o)
    0x08000816   0x08000816   0x00000000   Code   RO         3997    .text               mc_w.l(iusefp.o)
    0x08000816   0x08000816   0x0000006e   Code   RO         3998    .text               mf_w.l(fepilogue.o)
    0x08000884   0x08000884   0x000000ba   Code   RO         4000    .text               mf_w.l(depilogue.o)
    0x0800093e   0x0800093e   0x000000a2   Code   RO         4002    .text               mf_w.l(dsqrt.o)
    0x080009e0   0x080009e0   0x00000024   Code   RO         4010    .text               mc_w.l(init.o)
    0x08000a04   0x08000a04   0x0000003a   Code   RO         4026    .text               mc_w.l(__dczerorl.o)
    0x08000a3e   0x08000a3e   0x00000022   Code   RO          837    i.ABSLimit          tripod.o
    0x08000a60   0x08000a60   0x00000022   Code   RO         3693    i.ABSLimit          pid.o
    0x08000a82   0x08000a82   0x00000002   PAD
    0x08000a84   0x08000a84   0x00000080   Code   RO          958    i.AngleQueue        strike.o
    0x08000b04   0x08000b04   0x00000084   Code   RO          959    i.AngularVelocityQueue  strike.o
    0x08000b88   0x08000b88   0x00000398   Code   RO          960    i.AutoStrike        strike.o
    0x08000f20   0x08000f20   0x00000002   Code   RO          422    i.BusFault_Handler  stm32f1xx_it.o
    0x08000f22   0x08000f22   0x00000002   PAD
    0x08000f24   0x08000f24   0x0000000c   Code   RO          423    i.CAN1_RX0_IRQHandler  stm32f1xx_it.o
    0x08000f30   0x08000f30   0x0000000c   Code   RO          424    i.CAN1_TX_IRQHandler  stm32f1xx_it.o
    0x08000f3c   0x08000f3c   0x0000000c   Code   RO          425    i.CAN2_RX0_IRQHandler  stm32f1xx_it.o
    0x08000f48   0x08000f48   0x00000050   Code   RO          243    i.CAN_Filter_Init_Recv_ALL  can.o
    0x08000f98   0x08000f98   0x00000126   Code   RO         1134    i.CAN_Receive_IT    stm32f1xx_hal_can.o
    0x080010be   0x080010be   0x00000002   PAD
    0x080010c0   0x080010c0   0x00000020   Code   RO          961    i.CoverControl      strike.o
    0x080010e0   0x080010e0   0x0000000c   Code   RO          426    i.DMA1_Channel2_IRQHandler  stm32f1xx_it.o
    0x080010ec   0x080010ec   0x0000000c   Code   RO          427    i.DMA1_Channel3_IRQHandler  stm32f1xx_it.o
    0x080010f8   0x080010f8   0x0000000c   Code   RO          428    i.DMA2_Channel3_IRQHandler  stm32f1xx_it.o
    0x08001104   0x08001104   0x0000002a   Code   RO         2818    i.DMA_SetConfig     stm32f1xx_hal_dma.o
    0x0800112e   0x0800112e   0x00000002   Code   RO          429    i.DebugMon_Handler  stm32f1xx_it.o
    0x08001130   0x08001130   0x00000006   Code   RO          430    i.EXTI0_IRQHandler  stm32f1xx_it.o
    0x08001136   0x08001136   0x00000006   Code   RO          431    i.EXTI1_IRQHandler  stm32f1xx_it.o
    0x0800113c   0x0800113c   0x00000006   Code   RO          432    i.EXTI2_IRQHandler  stm32f1xx_it.o
    0x08001142   0x08001142   0x00000002   PAD
    0x08001144   0x08001144   0x00000064   Code   RO          962    i.FrictionMotoCtrl  strike.o
    0x080011a8   0x080011a8   0x00000094   Code   RO          963    i.FrictionMotorServo  strike.o
    0x0800123c   0x0800123c   0x00000090   Code   RO          656    i.GenerallySetChassisSpeed  robodata.o
    0x080012cc   0x080012cc   0x00000084   Code   RO          658    i.GenerallySetTripodControl  robodata.o
    0x08001350   0x08001350   0x0000004c   Code   RO          659    i.Get17HeatControlData  robodata.o
    0x0800139c   0x0800139c   0x00000070   Code   RO          660    i.Get42HeatControlData  robodata.o
    0x0800140c   0x0800140c   0x000000e8   Code   RO          661    i.GetAmmunition42ControlStatus  robodata.o
    0x080014f4   0x080014f4   0x00000036   Code   RO          964    i.GetAverage        strike.o
    0x0800152a   0x0800152a   0x00000054   Code   RO         3614    i.GetBToADataVal    m_transmit.o
    0x0800157e   0x0800157e   0x00000002   PAD
    0x08001580   0x08001580   0x00000044   Code   RO          662    i.GetChassisControlStatus  robodata.o
    0x080015c4   0x080015c4   0x00000002   Code   RO          663    i.GetDJIControlData  robodata.o
    0x080015c6   0x080015c6   0x000000c6   Code   RO         3664    i.GetEncoderMeasure  moto_encoder.o
    0x0800168c   0x0800168c   0x00000028   Code   RO          839    i.GetIntergralPitch  tripod.o
    0x080016b4   0x080016b4   0x00000028   Code   RO          840    i.GetIntergralYaw   tripod.o
    0x080016dc   0x080016dc   0x000000e8   Code   RO          841    i.GetPitchAngle1000Hz  tripod.o
    0x080017c4   0x080017c4   0x0000006c   Code   RO          664    i.GetRemoteControlData  robodata.o
    0x08001830   0x08001830   0x00000068   Code   RO          965    i.GetVariance       strike.o
    0x08001898   0x08001898   0x00000130   Code   RO          842    i.GetYawAngle1000Hz  tripod.o
    0x080019c8   0x080019c8   0x00000064   Code   RO          843    i.GyroMonitor       tripod.o
    0x08001a2c   0x08001a2c   0x000000f2   Code   RO         1135    i.HAL_CAN_ConfigFilter  stm32f1xx_hal_can.o
    0x08001b1e   0x08001b1e   0x00000002   Code   RO         1137    i.HAL_CAN_ErrorCallback  stm32f1xx_hal_can.o
    0x08001b20   0x08001b20   0x00000234   Code   RO         1140    i.HAL_CAN_IRQHandler  stm32f1xx_hal_can.o
    0x08001d54   0x08001d54   0x0000012c   Code   RO         1141    i.HAL_CAN_Init      stm32f1xx_hal_can.o
    0x08001e80   0x08001e80   0x00000138   Code   RO          246    i.HAL_CAN_MspInit   can.o
    0x08001fb8   0x08001fb8   0x000000b4   Code   RO         1145    i.HAL_CAN_Receive_IT  stm32f1xx_hal_can.o
    0x0800206c   0x0800206c   0x00000228   Code   RO         3381    i.HAL_CAN_RxCpltCallback  can_callback.o
    0x08002294   0x08002294   0x000001cc   Code   RO         1148    i.HAL_CAN_Transmit  stm32f1xx_hal_can.o
    0x08002460   0x08002460   0x00000002   Code   RO         1150    i.HAL_CAN_TxCpltCallback  stm32f1xx_hal_can.o
    0x08002462   0x08002462   0x00000002   PAD
    0x08002464   0x08002464   0x00000130   Code   RO         2820    i.HAL_DMA_Abort_IT  stm32f1xx_hal_dma.o
    0x08002594   0x08002594   0x00000248   Code   RO         2824    i.HAL_DMA_IRQHandler  stm32f1xx_hal_dma.o
    0x080027dc   0x080027dc   0x00000084   Code   RO         2825    i.HAL_DMA_Init      stm32f1xx_hal_dma.o
    0x08002860   0x08002860   0x00000070   Code   RO         2829    i.HAL_DMA_Start_IT  stm32f1xx_hal_dma.o
    0x080028d0   0x080028d0   0x0000001c   Code   RO         3483    i.HAL_GPIO_EXTI_Callback  gpio_callback.o
    0x080028ec   0x080028ec   0x00000018   Code   RO         2754    i.HAL_GPIO_EXTI_IRQHandler  stm32f1xx_hal_gpio.o
    0x08002904   0x08002904   0x000001bc   Code   RO         2755    i.HAL_GPIO_Init     stm32f1xx_hal_gpio.o
    0x08002ac0   0x08002ac0   0x0000000a   Code   RO         2757    i.HAL_GPIO_ReadPin  stm32f1xx_hal_gpio.o
    0x08002aca   0x08002aca   0x0000000a   Code   RO         2759    i.HAL_GPIO_WritePin  stm32f1xx_hal_gpio.o
    0x08002ad4   0x08002ad4   0x0000000c   Code   RO         2460    i.HAL_GetTick       stm32f1xx_hal.o
    0x08002ae0   0x08002ae0   0x00000010   Code   RO         2462    i.HAL_IncTick       stm32f1xx_hal.o
    0x08002af0   0x08002af0   0x00000024   Code   RO         2463    i.HAL_Init          stm32f1xx_hal.o
    0x08002b14   0x08002b14   0x00000028   Code   RO         2464    i.HAL_InitTick      stm32f1xx_hal.o
    0x08002b3c   0x08002b3c   0x00000094   Code   RO          632    i.HAL_MspInit       stm32f1xx_hal_msp.o
    0x08002bd0   0x08002bd0   0x00000082   Code   RO         2130    i.HAL_MultiProcessor_Init  stm32f1xx_hal_uart.o
    0x08002c52   0x08002c52   0x00000016   Code   RO         2915    i.HAL_NVIC_EnableIRQ  stm32f1xx_hal_cortex.o
    0x08002c68   0x08002c68   0x00000040   Code   RO         2921    i.HAL_NVIC_SetPriority  stm32f1xx_hal_cortex.o
    0x08002ca8   0x08002ca8   0x00000024   Code   RO         2922    i.HAL_NVIC_SetPriorityGrouping  stm32f1xx_hal_cortex.o
    0x08002ccc   0x08002ccc   0x00000154   Code   RO         2591    i.HAL_RCC_ClockConfig  stm32f1xx_hal_rcc.o
    0x08002e20   0x08002e20   0x0000000c   Code   RO         2596    i.HAL_RCC_GetHCLKFreq  stm32f1xx_hal_rcc.o
    0x08002e2c   0x08002e2c   0x00000020   Code   RO         2598    i.HAL_RCC_GetPCLK1Freq  stm32f1xx_hal_rcc.o
    0x08002e4c   0x08002e4c   0x00000020   Code   RO         2599    i.HAL_RCC_GetPCLK2Freq  stm32f1xx_hal_rcc.o
    0x08002e6c   0x08002e6c   0x000000a0   Code   RO         2600    i.HAL_RCC_GetSysClockFreq  stm32f1xx_hal_rcc.o
    0x08002f0c   0x08002f0c   0x000003c8   Code   RO         2603    i.HAL_RCC_OscConfig  stm32f1xx_hal_rcc.o
    0x080032d4   0x080032d4   0x00000018   Code   RO         2924    i.HAL_SYSTICK_CLKSourceConfig  stm32f1xx_hal_cortex.o
    0x080032ec   0x080032ec   0x00000002   Code   RO         2925    i.HAL_SYSTICK_Callback  stm32f1xx_hal_cortex.o
    0x080032ee   0x080032ee   0x00000028   Code   RO         2926    i.HAL_SYSTICK_Config  stm32f1xx_hal_cortex.o
    0x08003316   0x08003316   0x00000008   Code   RO         2927    i.HAL_SYSTICK_IRQHandler  stm32f1xx_hal_cortex.o
    0x0800331e   0x0800331e   0x00000002   Code   RO         1890    i.HAL_TIMEx_BreakCallback  stm32f1xx_hal_tim_ex.o
    0x08003320   0x08003320   0x00000002   Code   RO         1891    i.HAL_TIMEx_CommutationCallback  stm32f1xx_hal_tim_ex.o
    0x08003322   0x08003322   0x0000005a   Code   RO         1892    i.HAL_TIMEx_ConfigBreakDeadTime  stm32f1xx_hal_tim_ex.o
    0x0800337c   0x0800337c   0x00000050   Code   RO         1907    i.HAL_TIMEx_MasterConfigSynchronization  stm32f1xx_hal_tim_ex.o
    0x080033cc   0x080033cc   0x00000036   Code   RO         1261    i.HAL_TIM_Base_Init  stm32f1xx_hal_tim.o
    0x08003402   0x08003402   0x00000002   PAD
    0x08003404   0x08003404   0x000000a4   Code   RO          357    i.HAL_TIM_Base_MspInit  tim.o
    0x080034a8   0x080034a8   0x00000018   Code   RO         1266    i.HAL_TIM_Base_Start_IT  stm32f1xx_hal_tim.o
    0x080034c0   0x080034c0   0x000000f2   Code   RO         1270    i.HAL_TIM_ConfigClockSource  stm32f1xx_hal_tim.o
    0x080035b2   0x080035b2   0x00000002   Code   RO         1290    i.HAL_TIM_IC_CaptureCallback  stm32f1xx_hal_tim.o
    0x080035b4   0x080035b4   0x00000166   Code   RO         1303    i.HAL_TIM_IRQHandler  stm32f1xx_hal_tim.o
    0x0800371a   0x0800371a   0x00000002   PAD
    0x0800371c   0x0800371c   0x00000028   Code   RO          358    i.HAL_TIM_MspPostInit  tim.o
    0x08003744   0x08003744   0x00000002   Code   RO         1306    i.HAL_TIM_OC_DelayElapsedCallback  stm32f1xx_hal_tim.o
    0x08003746   0x08003746   0x000000d0   Code   RO         1327    i.HAL_TIM_PWM_ConfigChannel  stm32f1xx_hal_tim.o
    0x08003816   0x08003816   0x00000036   Code   RO         1330    i.HAL_TIM_PWM_Init  stm32f1xx_hal_tim.o
    0x0800384c   0x0800384c   0x00000002   Code   RO         1332    i.HAL_TIM_PWM_MspInit  stm32f1xx_hal_tim.o
    0x0800384e   0x0800384e   0x00000002   Code   RO         1333    i.HAL_TIM_PWM_PulseFinishedCallback  stm32f1xx_hal_tim.o
    0x08003850   0x08003850   0x00000030   Code   RO         1334    i.HAL_TIM_PWM_Start  stm32f1xx_hal_tim.o
    0x08003880   0x08003880   0x000000b8   Code   RO          801    i.HAL_TIM_PeriodElapsedCallback  tim_callback.o
    0x08003938   0x08003938   0x00000002   Code   RO         1344    i.HAL_TIM_TriggerCallback  stm32f1xx_hal_tim.o
    0x0800393a   0x0800393a   0x00000002   Code   RO         2144    i.HAL_UART_ErrorCallback  stm32f1xx_hal_uart.o
    0x0800393c   0x0800393c   0x00000110   Code   RO         2147    i.HAL_UART_IRQHandler  stm32f1xx_hal_uart.o
    0x08003a4c   0x08003a4c   0x00000154   Code   RO          583    i.HAL_UART_MspInit  usart.o
    0x08003ba0   0x08003ba0   0x00000098   Code   RO         2152    i.HAL_UART_Receive_DMA  stm32f1xx_hal_uart.o
    0x08003c38   0x08003c38   0x0000004c   Code   RO         3796    i.HAL_UART_RxCpltCallback  usart_callback.o
    0x08003c84   0x08003c84   0x00000002   Code   RO         2155    i.HAL_UART_RxHalfCpltCallback  stm32f1xx_hal_uart.o
    0x08003c86   0x08003c86   0x00000002   Code   RO         2159    i.HAL_UART_TxCpltCallback  stm32f1xx_hal_uart.o
    0x08003c88   0x08003c88   0x00000002   Code   RO          433    i.HardFault_Handler  stm32f1xx_it.o
    0x08003c8a   0x08003c8a   0x00000002   PAD
    0x08003c8c   0x08003c8c   0x000001a4   Code   RO          966    i.HeatCtrl          strike.o
    0x08003e30   0x08003e30   0x00000094   Code   RO          665    i.InitRoboData      robodata.o
    0x08003ec4   0x08003ec4   0x00000044   Code   RO          968    i.IsOnTarget        strike.o
    0x08003f08   0x08003f08   0x00000058   Code   RO          247    i.MX_CAN1_Init      can.o
    0x08003f60   0x08003f60   0x00000058   Code   RO          248    i.MX_CAN2_Init      can.o
    0x08003fb8   0x08003fb8   0x0000005c   Code   RO          308    i.MX_DMA_Init       dma.o
    0x08004014   0x08004014   0x0000010c   Code   RO          332    i.MX_GPIO_Init      gpio.o
    0x08004120   0x08004120   0x00000110   Code   RO          359    i.MX_TIM1_Init      tim.o
    0x08004230   0x08004230   0x0000007c   Code   RO          360    i.MX_TIM3_Init      tim.o
    0x080042ac   0x080042ac   0x00000078   Code   RO          361    i.MX_TIM4_Init      tim.o
    0x08004324   0x08004324   0x0000007c   Code   RO          362    i.MX_TIM5_Init      tim.o
    0x080043a0   0x080043a0   0x00000054   Code   RO          584    i.MX_UART4_Init     usart.o
    0x080043f4   0x080043f4   0x00000050   Code   RO          585    i.MX_USART3_UART_Init  usart.o
    0x08004444   0x08004444   0x00000002   Code   RO          434    i.MemManage_Handler  stm32f1xx_it.o
    0x08004446   0x08004446   0x00000002   PAD
    0x08004448   0x08004448   0x0000004c   Code   RO          747    i.MonitorParaInit   t_monitor.o
    0x08004494   0x08004494   0x00000002   Code   RO          435    i.NMI_Handler       stm32f1xx_it.o
    0x08004496   0x08004496   0x00000020   Code   RO         2928    i.NVIC_SetPriority  stm32f1xx_hal_cortex.o
    0x080044b6   0x080044b6   0x00000002   Code   RO          436    i.PendSV_Handler    stm32f1xx_it.o
    0x080044b8   0x080044b8   0x000002bc   Code   RO         3696    i.PidCalc           pid.o
    0x08004774   0x08004774   0x00000018   Code   RO         3697    i.PidPITransfer     pid.o
    0x0800478c   0x0800478c   0x00000096   Code   RO         3698    i.PidSet_all        pid.o
    0x08004822   0x08004822   0x00000002   PAD
    0x08004824   0x08004824   0x000000e4   Code   RO          844    i.Pitch_Init        tripod.o
    0x08004908   0x08004908   0x00000144   Code   RO          845    i.Pitch_SetAngle    tripod.o
    0x08004a4c   0x08004a4c   0x00000024   Code   RO          846    i.Pitch_SetSpeed    tripod.o
    0x08004a70   0x08004a70   0x0000002a   Code   RO         3571    i.RCDataParaInit    m_remote.o
    0x08004a9a   0x08004a9a   0x00000064   Code   RO         3572    i.RCReadKey         m_remote.o
    0x08004afe   0x08004afe   0x000000e0   Code   RO         3573    i.RemoteDataProcess  m_remote.o
    0x08004bde   0x08004bde   0x00000002   Code   RO          437    i.SVC_Handler       stm32f1xx_it.o
    0x08004be0   0x08004be0   0x0000004a   Code   RO         3537    i.SetMotoCurrent    m_moto.o
    0x08004c2a   0x08004c2a   0x00000034   Code   RO          666    i.SetRoboControlMode  robodata.o
    0x08004c5e   0x08004c5e   0x00000002   PAD
    0x08004c60   0x08004c60   0x00000068   Code   RO          969    i.StrikeCount       strike.o
    0x08004cc8   0x08004cc8   0x000000d4   Code   RO          970    i.Strike_Init       strike.o
    0x08004d9c   0x08004d9c   0x00000406   Code   RO          973    i.Strike_SetModeFromControl  strike.o
    0x080051a2   0x080051a2   0x00000002   PAD
    0x080051a4   0x080051a4   0x00000034   Code   RO          974    i.Strike_fun        strike.o
    0x080051d8   0x080051d8   0x0000000e   Code   RO          438    i.SysTick_Handler   stm32f1xx_it.o
    0x080051e6   0x080051e6   0x00000002   PAD
    0x080051e8   0x080051e8   0x00000070   Code   RO           13    i.SystemClock_Config  main.o
    0x08005258   0x08005258   0x00000054   Code   RO         3344    i.SystemInit        system_stm32f1xx.o
    0x080052ac   0x080052ac   0x0000000c   Code   RO          439    i.TIM3_IRQHandler   stm32f1xx_it.o
    0x080052b8   0x080052b8   0x0000000c   Code   RO          440    i.TIM4_IRQHandler   stm32f1xx_it.o
    0x080052c4   0x080052c4   0x0000000c   Code   RO          441    i.TIM5_IRQHandler   stm32f1xx_it.o
    0x080052d0   0x080052d0   0x0000007c   Code   RO         1345    i.TIM_Base_SetConfig  stm32f1xx_hal_tim.o
    0x0800534c   0x0800534c   0x00000016   Code   RO         1346    i.TIM_CCxChannelCmd  stm32f1xx_hal_tim.o
    0x08005362   0x08005362   0x00000014   Code   RO         1352    i.TIM_ETR_SetConfig  stm32f1xx_hal_tim.o
    0x08005376   0x08005376   0x00000010   Code   RO         1353    i.TIM_ITRx_SetConfig  stm32f1xx_hal_tim.o
    0x08005386   0x08005386   0x00000002   PAD
    0x08005388   0x08005388   0x00000050   Code   RO         1354    i.TIM_OC1_SetConfig  stm32f1xx_hal_tim.o
    0x080053d8   0x080053d8   0x00000058   Code   RO         1355    i.TIM_OC2_SetConfig  stm32f1xx_hal_tim.o
    0x08005430   0x08005430   0x00000058   Code   RO         1356    i.TIM_OC3_SetConfig  stm32f1xx_hal_tim.o
    0x08005488   0x08005488   0x00000044   Code   RO         1357    i.TIM_OC4_SetConfig  stm32f1xx_hal_tim.o
    0x080054cc   0x080054cc   0x00000022   Code   RO         1359    i.TIM_TI1_ConfigInputStage  stm32f1xx_hal_tim.o
    0x080054ee   0x080054ee   0x00000024   Code   RO         1361    i.TIM_TI2_ConfigInputStage  stm32f1xx_hal_tim.o
    0x08005512   0x08005512   0x00000002   PAD
    0x08005514   0x08005514   0x00000094   Code   RO         3615    i.TX_DATA_CLOUDDECK1_ID  m_transmit.o
    0x080055a8   0x080055a8   0x000000f8   Code   RO         3616    i.TX_DATA_CLOUDDECK2_ID  m_transmit.o
    0x080056a0   0x080056a0   0x00000198   Code   RO          975    i.ToggleMotoControl  strike.o
    0x08005838   0x08005838   0x00000238   Code   RO          847    i.Tripode_Fun       tripod.o
    0x08005a70   0x08005a70   0x00000028   Code   RO          848    i.Tripode_Init      tripod.o
    0x08005a98   0x08005a98   0x0000000c   Code   RO          442    i.UART4_IRQHandler  stm32f1xx_it.o
    0x08005aa4   0x08005aa4   0x00000010   Code   RO         2161    i.UART_DMAAbortOnError  stm32f1xx_hal_uart.o
    0x08005ab4   0x08005ab4   0x0000004a   Code   RO         2162    i.UART_DMAError     stm32f1xx_hal_uart.o
    0x08005afe   0x08005afe   0x0000003c   Code   RO         2163    i.UART_DMAReceiveCplt  stm32f1xx_hal_uart.o
    0x08005b3a   0x08005b3a   0x0000000a   Code   RO         2165    i.UART_DMARxHalfCplt  stm32f1xx_hal_uart.o
    0x08005b44   0x08005b44   0x0000001c   Code   RO         2171    i.UART_EndRxTransfer  stm32f1xx_hal_uart.o
    0x08005b60   0x08005b60   0x00000012   Code   RO         2172    i.UART_EndTxTransfer  stm32f1xx_hal_uart.o
    0x08005b72   0x08005b72   0x00000096   Code   RO         2173    i.UART_Receive_IT   stm32f1xx_hal_uart.o
    0x08005c08   0x08005c08   0x00000170   Code   RO         2174    i.UART_SetConfig    stm32f1xx_hal_uart.o
    0x08005d78   0x08005d78   0x00000062   Code   RO         2175    i.UART_Transmit_IT  stm32f1xx_hal_uart.o
    0x08005dda   0x08005dda   0x00000002   PAD
    0x08005ddc   0x08005ddc   0x0000000c   Code   RO          443    i.USART3_IRQHandler  stm32f1xx_it.o
    0x08005de8   0x08005de8   0x00000002   Code   RO          444    i.UsageFault_Handler  stm32f1xx_it.o
    0x08005dea   0x08005dea   0x00000002   PAD
    0x08005dec   0x08005dec   0x000000d0   Code   RO          976    i.WindMill_ManualStrike  strike.o
    0x08005ebc   0x08005ebc   0x000000d8   Code   RO          849    i.Yaw_Init          tripod.o
    0x08005f94   0x08005f94   0x000000cc   Code   RO          850    i.Yaw_SetAngle      tripod.o
    0x08006060   0x08006060   0x0000002c   Code   RO          851    i.Yaw_SetSpeed      tripod.o
    0x0800608c   0x0800608c   0x00000002   Code   RO           14    i._Error_Handler    main.o
    0x0800608e   0x0800608e   0x0000000e   Code   RO         4020    i.__scatterload_copy  mc_w.l(handlers.o)
    0x0800609c   0x0800609c   0x00000002   Code   RO         4021    i.__scatterload_null  mc_w.l(handlers.o)
    0x0800609e   0x0800609e   0x0000000e   Code   RO         4022    i.__scatterload_zeroinit  mc_w.l(handlers.o)
    0x080060ac   0x080060ac   0x0000000c   Code   RO         3992    i.__set_errno       mc_w.l(errno.o)
    0x080060b8   0x080060b8   0x000000c8   Code   RO           15    i.all_bsp_init      main.o
    0x08006180   0x08006180   0x000001dc   Code   RO           16    i.all_pid_init      main.o
    0x0800635c   0x0800635c   0x000000e0   Code   RO           17    i.main              main.o
    0x0800643c   0x0800643c   0x00000028   Code   RO          852    i.mode360           tripod.o
    0x08006464   0x08006464   0x0000002c   Code   RO          748    i.monitor_JY901_process  t_monitor.o
    0x08006490   0x08006490   0x00000028   Code   RO          749    i.monitor_can_power_process  t_monitor.o
    0x080064b8   0x080064b8   0x00000020   Code   RO          750    i.monitor_remote_process  t_monitor.o
    0x080064d8   0x080064d8   0x0000002c   Code   RO          751    i.monitor_tx2_process  t_monitor.o
    0x08006504   0x08006504   0x0000004c   Code   RO         3896    i.sqrt              m_ws.l(sqrt.o)
    0x08006550   0x08006550   0x00000010   Data   RO         3345    .constdata          system_stm32f1xx.o
    0x08006560   0x08006560   0x00000008   Data   RO         3346    .constdata          system_stm32f1xx.o
    0x08006568   0x08006568   0x00000020   Data   RO         4018    Region$$Table       anon$$obj.o


    Execution Region RW_IRAM1 (Exec base: 0x20000000, Load base: 0x08006588, Size: 0x00002958, Max: 0x00010000, ABSOLUTE, COMPRESSED[0x0000001c])

    Exec Addr    Load Addr    Size         Type   Attr      Idx    E Section Name        Object

    0x20000000   COMPRESSED   0x00000004   Data   RW           19    .data               main.o
    0x20000004   COMPRESSED   0x00000004   Data   RW          250    .data               can.o
    0x20000008   COMPRESSED   0x000000a8   Data   RW          668    .data               robodata.o
    0x200000b0   COMPRESSED   0x00000004   Data   RW          802    .data               tim_callback.o
    0x200000b4   COMPRESSED   0x0000002c   Data   RW          854    .data               tripod.o
    0x200000e0   COMPRESSED   0x00000060   Data   RW          978    .data               strike.o
    0x20000140   COMPRESSED   0x00000004   Data   RW         2469    .data               stm32f1xx_hal.o
    0x20000144   COMPRESSED   0x00000004   Data   RW         3347    .data               system_stm32f1xx.o
    0x20000148   COMPRESSED   0x00000004   Data   RW         3993    .data               mc_w.l(errno.o)
    0x2000014c        -       0x00000108   Zero   RW          249    .bss                can.o
    0x20000254        -       0x00000100   Zero   RW          363    .bss                tim.o
    0x20000354        -       0x0000014c   Zero   RW          586    .bss                usart.o
    0x200004a0        -       0x00000024   Zero   RW          587    .bss                usart.o
    0x200004c4        -       0x0000002c   Zero   RW          588    .bss                usart.o
    0x200004f0        -       0x00000050   Zero   RW          752    .bss                t_monitor.o
    0x20000540        -       0x000003c4   Zero   RW          853    .bss                tripod.o
    0x20000904   COMPRESSED   0x00000004   PAD
    0x20000908        -       0x00000534   Zero   RW          977    .bss                strike.o
    0x20000e3c        -       0x00000010   Zero   RW         3382    .bss                can_callback.o
    0x20000e4c        -       0x00000770   Zero   RW         3538    .bss                m_moto.o
    0x200015bc        -       0x000003b8   Zero   RW         3539    .bss                m_moto.o
    0x20001974        -       0x000001dc   Zero   RW         3540    .bss                m_moto.o
    0x20001b50        -       0x000001dc   Zero   RW         3541    .bss                m_moto.o
    0x20001d2c        -       0x000003b8   Zero   RW         3542    .bss                m_moto.o
    0x200020e4        -       0x00000038   Zero   RW         3574    .bss                m_remote.o
    0x2000211c        -       0x00000029   Zero   RW         3617    .bss                m_transmit.o
    0x20002145   COMPRESSED   0x00000003   PAD
    0x20002148        -       0x00000010   Zero   RW         3766    .bss                tx2_protocol.o
    0x20002158        -       0x00000800   Zero   RW            1    STACK               startup_stm32f105xc.o


==============================================================================

Image component sizes


      Code (inc. data)   RO Data    RW Data    ZI Data      Debug   Object Name

       568         82          0          4        264       3137   can.o
       552         76          0          0         16       1618   can_callback.o
        92          4          0          0          0        818   dma.o
       268         26          0          0          0       1019   gpio.o
        28          6          0          0          0        533   gpio_callback.o
        74          0          0          0       4760       1995   m_moto.o
       366          0          0          0         56       3611   m_remote.o
       480         32          0          0         41       3293   m_transmit.o
      1014        176          0          4          0     628635   main.o
       198          0          0          0          0       1048   moto_encoder.o
       908         12          0          0          0       3998   pid.o
      1074        102          0        168          0       9623   robodata.o
        36          8        336          0       2048        832   startup_stm32f105xc.o
       104         22          0          4          0       3179   stm32f1xx_hal.o
      2044         30          0          0          0       7648   stm32f1xx_hal_can.o
       228         14          0          0          0      27549   stm32f1xx_hal_cortex.o
      1174         52          0          0          0       4546   stm32f1xx_hal_dma.o
       488         42          0          0          0       4170   stm32f1xx_hal_gpio.o
       148         10          0          0          0        914   stm32f1xx_hal_msp.o
      1544        114          0          0          0       5996   stm32f1xx_hal_rcc.o
      1574         44          0          0          0      15808   stm32f1xx_hal_tim.o
       174          0          0          0          0       3198   stm32f1xx_hal_tim_ex.o
      1382         24          0          0          0      10508   stm32f1xx_hal_uart.o
       180         66          0          0          0      10178   stm32f1xx_it.o
      4120        328          0         96       1332      17307   strike.o
        84         16         24          4          0       1215   system_stm32f1xx.o
       236         54          0          0         80       4002   t_monitor.o
       844        128          0          0        256       4387   tim.o
       184         36          0          4          0       1435   tim_callback.o
      2450        304          0         44        964      11707   tripod.o
         0          0          0          0         16       1003   tx2_protocol.o
       504        104          0          0        412       2673   usart.o
        76         24          0          0          0       1074   usart_callback.o

    ----------------------------------------------------------------------
     23232       1936        392        328      10252     798657   Object Totals
         0          0         32          0          0          0   (incl. Generated)
        36          0          0          0          7          0   (incl. Padding)

    ----------------------------------------------------------------------

      Code (inc. data)   RO Data    RW Data    ZI Data      Debug   Library Member Name

        76          0          0          0          0         84   sqrt.o
        58          0          0          0          0          0   __dczerorl.o
         0          0          0          0          0          0   entry.o
         0          0          0          0          0          0   entry10a.o
         0          0          0          0          0          0   entry11a.o
         8          4          0          0          0          0   entry2.o
         4          0          0          0          0          0   entry5.o
         0          0          0          0          0          0   entry7b.o
         0          0          0          0          0          0   entry8b.o
         8          4          0          0          0          0   entry9a.o
        12          6          0          4          0         68   errno.o
        30          0          0          0          0          0   handlers.o
        36          8          0          0          0         68   init.o
         0          0          0          0          0          0   iusefp.o
        30          0          0          0          0         68   llshl.o
        36          0          0          0          0         68   llsshr.o
        32          0          0          0          0         68   llushr.o
        36          0          0          0          0         68   memcpya.o
        98          0          0          0          0         92   uldiv.o
        20          0          0          0          0         68   cfcmple.o
        20          0          0          0          0         68   cfrcmple.o
        56          0          0          0          0         88   d2f.o
       334          0          0          0          0        148   dadd.o
       222          0          0          0          0        100   ddiv.o
       186          0          0          0          0        176   depilogue.o
        26          0          0          0          0         76   dfltui.o
       228          0          0          0          0         96   dmul.o
       162          0          0          0          0        100   dsqrt.o
        38          0          0          0          0         68   f2d.o
       176          0          0          0          0        140   fadd.o
       124          0          0          0          0         88   fdiv.o
       110          0          0          0          0        168   fepilogue.o
        50          0          0          0          0         68   ffixi.o
        18          0          0          0          0         68   fflti.o
        10          0          0          0          0         68   ffltui.o
       100          0          0          0          0         76   fmul.o
        24          0          0          0          0         68   fscalb.o

    ----------------------------------------------------------------------
      2368         22          0          4          0       2316   Library Totals
         0          0          0          0          0          0   (incl. Padding)

    ----------------------------------------------------------------------

      Code (inc. data)   RO Data    RW Data    ZI Data      Debug   Library Name

        76          0          0          0          0         84   m_ws.l
       388         22          0          4          0        500   mc_w.l
      1904          0          0          0          0       1732   mf_w.l

    ----------------------------------------------------------------------
      2368         22          0          4          0       2316   Library Totals

    ----------------------------------------------------------------------

==============================================================================


      Code (inc. data)   RO Data    RW Data    ZI Data      Debug   

     25600       1958        392        332      10252     790649   Grand Totals
     25600       1958        392         28      10252     790649   ELF Image Totals (compressed)
     25600       1958        392         28          0          0   ROM Totals

==============================================================================

    Total RO  Size (Code + RO Data)                25992 (  25.38kB)
    Total RW  Size (RW Data + ZI Data)             10584 (  10.34kB)
    Total ROM Size (Code + RO Data + RW Data)      26020 (  25.41kB)

==============================================================================

